Archive member included to satisfy reference by file (symbol)

c:/st/stm32cubeide_1.2.0/stm32cubeide/plugins/com.st.stm32cube.ide.mcu.externaltools.gnu-tools-for-stm32.7-2018-q2-update.win32_1.0.0.201904181610/tools/bin/../lib/gcc/arm-none-eabi/7.3.1/../../../../arm-none-eabi/lib/thumb/v7e-m/fpv4-sp/hard\libc_nano.a(lib_a-errno.o)
                              Core/Src/syscalls.o (__errno)
c:/st/stm32cubeide_1.2.0/stm32cubeide/plugins/com.st.stm32cube.ide.mcu.externaltools.gnu-tools-for-stm32.7-2018-q2-update.win32_1.0.0.201904181610/tools/bin/../lib/gcc/arm-none-eabi/7.3.1/../../../../arm-none-eabi/lib/thumb/v7e-m/fpv4-sp/hard\libc_nano.a(lib_a-exit.o)
                              c:/st/stm32cubeide_1.2.0/stm32cubeide/plugins/com.st.stm32cube.ide.mcu.externaltools.gnu-tools-for-stm32.7-2018-q2-update.win32_1.0.0.201904181610/tools/bin/../lib/gcc/arm-none-eabi/7.3.1/../../../../arm-none-eabi/lib/thumb/v7e-m/fpv4-sp/hard/crt0.o (exit)
c:/st/stm32cubeide_1.2.0/stm32cubeide/plugins/com.st.stm32cube.ide.mcu.externaltools.gnu-tools-for-stm32.7-2018-q2-update.win32_1.0.0.201904181610/tools/bin/../lib/gcc/arm-none-eabi/7.3.1/../../../../arm-none-eabi/lib/thumb/v7e-m/fpv4-sp/hard\libc_nano.a(lib_a-impure.o)
                              c:/st/stm32cubeide_1.2.0/stm32cubeide/plugins/com.st.stm32cube.ide.mcu.externaltools.gnu-tools-for-stm32.7-2018-q2-update.win32_1.0.0.201904181610/tools/bin/../lib/gcc/arm-none-eabi/7.3.1/../../../../arm-none-eabi/lib/thumb/v7e-m/fpv4-sp/hard\libc_nano.a(lib_a-exit.o) (_global_impure_ptr)
c:/st/stm32cubeide_1.2.0/stm32cubeide/plugins/com.st.stm32cube.ide.mcu.externaltools.gnu-tools-for-stm32.7-2018-q2-update.win32_1.0.0.201904181610/tools/bin/../lib/gcc/arm-none-eabi/7.3.1/../../../../arm-none-eabi/lib/thumb/v7e-m/fpv4-sp/hard\libc_nano.a(lib_a-init.o)
                              c:/st/stm32cubeide_1.2.0/stm32cubeide/plugins/com.st.stm32cube.ide.mcu.externaltools.gnu-tools-for-stm32.7-2018-q2-update.win32_1.0.0.201904181610/tools/bin/../lib/gcc/arm-none-eabi/7.3.1/../../../../arm-none-eabi/lib/thumb/v7e-m/fpv4-sp/hard/crt0.o (__libc_init_array)
c:/st/stm32cubeide_1.2.0/stm32cubeide/plugins/com.st.stm32cube.ide.mcu.externaltools.gnu-tools-for-stm32.7-2018-q2-update.win32_1.0.0.201904181610/tools/bin/../lib/gcc/arm-none-eabi/7.3.1/../../../../arm-none-eabi/lib/thumb/v7e-m/fpv4-sp/hard\libc_nano.a(lib_a-malloc.o)
                              Middlewares/USB_Host_Library/usbh_cdc.o (malloc)
c:/st/stm32cubeide_1.2.0/stm32cubeide/plugins/com.st.stm32cube.ide.mcu.externaltools.gnu-tools-for-stm32.7-2018-q2-update.win32_1.0.0.201904181610/tools/bin/../lib/gcc/arm-none-eabi/7.3.1/../../../../arm-none-eabi/lib/thumb/v7e-m/fpv4-sp/hard\libc_nano.a(lib_a-memset.o)
                              c:/st/stm32cubeide_1.2.0/stm32cubeide/plugins/com.st.stm32cube.ide.mcu.externaltools.gnu-tools-for-stm32.7-2018-q2-update.win32_1.0.0.201904181610/tools/bin/../lib/gcc/arm-none-eabi/7.3.1/../../../../arm-none-eabi/lib/thumb/v7e-m/fpv4-sp/hard/crt0.o (memset)
c:/st/stm32cubeide_1.2.0/stm32cubeide/plugins/com.st.stm32cube.ide.mcu.externaltools.gnu-tools-for-stm32.7-2018-q2-update.win32_1.0.0.201904181610/tools/bin/../lib/gcc/arm-none-eabi/7.3.1/../../../../arm-none-eabi/lib/thumb/v7e-m/fpv4-sp/hard\libc_nano.a(lib_a-nano-freer.o)
                              c:/st/stm32cubeide_1.2.0/stm32cubeide/plugins/com.st.stm32cube.ide.mcu.externaltools.gnu-tools-for-stm32.7-2018-q2-update.win32_1.0.0.201904181610/tools/bin/../lib/gcc/arm-none-eabi/7.3.1/../../../../arm-none-eabi/lib/thumb/v7e-m/fpv4-sp/hard\libc_nano.a(lib_a-malloc.o) (_free_r)
c:/st/stm32cubeide_1.2.0/stm32cubeide/plugins/com.st.stm32cube.ide.mcu.externaltools.gnu-tools-for-stm32.7-2018-q2-update.win32_1.0.0.201904181610/tools/bin/../lib/gcc/arm-none-eabi/7.3.1/../../../../arm-none-eabi/lib/thumb/v7e-m/fpv4-sp/hard\libc_nano.a(lib_a-nano-mallocr.o)
                              c:/st/stm32cubeide_1.2.0/stm32cubeide/plugins/com.st.stm32cube.ide.mcu.externaltools.gnu-tools-for-stm32.7-2018-q2-update.win32_1.0.0.201904181610/tools/bin/../lib/gcc/arm-none-eabi/7.3.1/../../../../arm-none-eabi/lib/thumb/v7e-m/fpv4-sp/hard\libc_nano.a(lib_a-malloc.o) (_malloc_r)
c:/st/stm32cubeide_1.2.0/stm32cubeide/plugins/com.st.stm32cube.ide.mcu.externaltools.gnu-tools-for-stm32.7-2018-q2-update.win32_1.0.0.201904181610/tools/bin/../lib/gcc/arm-none-eabi/7.3.1/../../../../arm-none-eabi/lib/thumb/v7e-m/fpv4-sp/hard\libc_nano.a(lib_a-printf.o)
                              Core/Src/main.o (printf)
c:/st/stm32cubeide_1.2.0/stm32cubeide/plugins/com.st.stm32cube.ide.mcu.externaltools.gnu-tools-for-stm32.7-2018-q2-update.win32_1.0.0.201904181610/tools/bin/../lib/gcc/arm-none-eabi/7.3.1/../../../../arm-none-eabi/lib/thumb/v7e-m/fpv4-sp/hard\libc_nano.a(lib_a-puts.o)
                              Core/Src/main.o (puts)
[...]
Memory Configuration

Name             Origin             Length             Attributes
CCMRAM           0x0000000010000000 0x0000000000010000 xrw
RAM              0x0000000020000000 0x0000000000020000 xrw
FLASH            0x0000000008000000 0x0000000000100000 xr
*default*        0x0000000000000000 0xffffffffffffffff

Linker script and memory map

LOAD c:/st/stm32cubeide_1.2.0/stm32cubeide/plugins/com.st.stm32cube.ide.mcu.externaltools.gnu-tools-for-stm32.7-2018-q2-update.win32_1.0.0.201904181610/tools/bin/../lib/gcc/arm-none-eabi/7.3.1/thumb/v7e-m/fpv4-sp/hard/crti.o
LOAD c:/st/stm32cubeide_1.2.0/stm32cubeide/plugins/com.st.stm32cube.ide.mcu.externaltools.gnu-tools-for-stm32.7-2018-q2-update.win32_1.0.0.201904181610/tools/bin/../lib/gcc/arm-none-eabi/7.3.1/thumb/v7e-m/fpv4-sp/hard/crtbegin.o
LOAD c:/st/stm32cubeide_1.2.0/stm32cubeide/plugins/com.st.stm32cube.ide.mcu.externaltools.gnu-tools-for-stm32.7-2018-q2-update.win32_1.0.0.201904181610/tools/bin/../lib/gcc/arm-none-eabi/7.3.1/../../../../arm-none-eabi/lib/thumb/v7e-m/fpv4-sp/hard/crt0.o
LOAD Core/Src/gpio.o
LOAD Core/Src/i2c.o
LOAD Core/Src/i2s.o
LOAD Core/Src/main.o
LOAD Core/Src/spi.o
LOAD Core/Src/stm32f4xx_hal_msp.o
LOAD Core/Src/stm32f4xx_it.o
LOAD Core/Src/syscalls.o
LOAD Core/Src/sysmem.o
LOAD Core/Src/system_stm32f4xx.o
LOAD Core/Src/tim.o
LOAD Core/Src/usart.o
LOAD Core/Startup/startup_stm32f407vgtx.o
LOAD Drivers/STM32F4xx_HAL_Driver/stm32f4xx_hal.o
LOAD Drivers/STM32F4xx_HAL_Driver/stm32f4xx_hal_cortex.o
LOAD Drivers/STM32F4xx_HAL_Driver/stm32f4xx_hal_dma.o
LOAD Drivers/STM32F4xx_HAL_Driver/stm32f4xx_hal_dma_ex.o
LOAD Drivers/STM32F4xx_HAL_Driver/stm32f4xx_hal_exti.o
LOAD Drivers/STM32F4xx_HAL_Driver/stm32f4xx_hal_flash.o
LOAD Drivers/STM32F4xx_HAL_Driver/stm32f4xx_hal_flash_ex.o
LOAD Drivers/STM32F4xx_HAL_Driver/stm32f4xx_hal_flash_ramfunc.o
LOAD Drivers/STM32F4xx_HAL_Driver/stm32f4xx_hal_gpio.o
LOAD Drivers/STM32F4xx_HAL_Driver/stm32f4xx_hal_hcd.o
LOAD Drivers/STM32F4xx_HAL_Driver/stm32f4xx_hal_i2c.o
LOAD Drivers/STM32F4xx_HAL_Driver/stm32f4xx_hal_i2c_ex.o
LOAD Drivers/STM32F4xx_HAL_Driver/stm32f4xx_hal_i2s.o
LOAD Drivers/STM32F4xx_HAL_Driver/stm32f4xx_hal_i2s_ex.o
LOAD Drivers/STM32F4xx_HAL_Driver/stm32f4xx_hal_pwr.o
LOAD Drivers/STM32F4xx_HAL_Driver/stm32f4xx_hal_pwr_ex.o
LOAD Drivers/STM32F4xx_HAL_Driver/stm32f4xx_hal_rcc.o
LOAD Drivers/STM32F4xx_HAL_Driver/stm32f4xx_hal_rcc_ex.o
LOAD Drivers/STM32F4xx_HAL_Driver/stm32f4xx_hal_spi.o
LOAD Drivers/STM32F4xx_HAL_Driver/stm32f4xx_hal_tim.o
LOAD Drivers/STM32F4xx_HAL_Driver/stm32f4xx_hal_tim_ex.o
LOAD Drivers/STM32F4xx_HAL_Driver/stm32f4xx_hal_uart.o
LOAD Drivers/STM32F4xx_HAL_Driver/stm32f4xx_ll_usb.o
LOAD Middlewares/USB_Host_Library/usbh_cdc.o
LOAD Middlewares/USB_Host_Library/usbh_core.o
LOAD Middlewares/USB_Host_Library/usbh_ctlreq.o
LOAD Middlewares/USB_Host_Library/usbh_ioreq.o
LOAD Middlewares/USB_Host_Library/usbh_pipes.o
LOAD USB_HOST/App/usb_host.o
LOAD USB_HOST/Target/usbh_conf.o
LOAD USB_HOST/Target/usbh_platform.o
START GROUP
LOAD c:/st/stm32cubeide_1.2.0/stm32cubeide/plugins/com.st.stm32cube.ide.mcu.externaltools.gnu-tools-for-stm32.7-2018-q2-update.win32_1.0.0.201904181610/tools/bin/../lib/gcc/arm-none-eabi/7.3.1/../../../../arm-none-eabi/lib/thumb/v7e-m/fpv4-sp/hard\libc_nano.a
LOAD c:/st/stm32cubeide_1.2.0/stm32cubeide/plugins/com.st.stm32cube.ide.mcu.externaltools.gnu-tools-for-stm32.7-2018-q2-update.win32_1.0.0.201904181610/tools/bin/../lib/gcc/arm-none-eabi/7.3.1/../../../../arm-none-eabi/lib/thumb/v7e-m/fpv4-sp/hard\libm.a
END GROUP
START GROUP
LOAD c:/st/stm32cubeide_1.2.0/stm32cubeide/plugins/com.st.stm32cube.ide.mcu.externaltools.gnu-tools-for-stm32.7-2018-q2-update.win32_1.0.0.201904181610/tools/bin/../lib/gcc/arm-none-eabi/7.3.1/thumb/v7e-m/fpv4-sp/hard\libgcc.a
LOAD c:/st/stm32cubeide_1.2.0/stm32cubeide/plugins/com.st.stm32cube.ide.mcu.externaltools.gnu-tools-for-stm32.7-2018-q2-update.win32_1.0.0.201904181610/tools/bin/../lib/gcc/arm-none-eabi/7.3.1/../../../../arm-none-eabi/lib/thumb/v7e-m/fpv4-sp/hard\libc_nano.a
END GROUP
START GROUP
LOAD c:/st/stm32cubeide_1.2.0/stm32cubeide/plugins/com.st.stm32cube.ide.mcu.externaltools.gnu-tools-for-stm32.7-2018-q2-update.win32_1.0.0.201904181610/tools/bin/../lib/gcc/arm-none-eabi/7.3.1/thumb/v7e-m/fpv4-sp/hard\libgcc.a
LOAD c:/st/stm32cubeide_1.2.0/stm32cubeide/plugins/com.st.stm32cube.ide.mcu.externaltools.gnu-tools-for-stm32.7-2018-q2-update.win32_1.0.0.201904181610/tools/bin/../lib/gcc/arm-none-eabi/7.3.1/../../../../arm-none-eabi/lib/thumb/v7e-m/fpv4-sp/hard\libc_nano.a
LOAD c:/st/stm32cubeide_1.2.0/stm32cubeide/plugins/com.st.stm32cube.ide.mcu.externaltools.gnu-tools-for-stm32.7-2018-q2-update.win32_1.0.0.201904181610/tools/bin/../lib/gcc/arm-none-eabi/7.3.1/../../../../arm-none-eabi/lib/thumb/v7e-m/fpv4-sp/hard\libnosys.a
END GROUP
START GROUP
LOAD c:/st/stm32cubeide_1.2.0/stm32cubeide/plugins/com.st.stm32cube.ide.mcu.externaltools.gnu-tools-for-stm32.7-2018-q2-update.win32_1.0.0.201904181610/tools/bin/../lib/gcc/arm-none-eabi/7.3.1/thumb/v7e-m/fpv4-sp/hard\libgcc.a
LOAD c:/st/stm32cubeide_1.2.0/stm32cubeide/plugins/com.st.stm32cube.ide.mcu.externaltools.gnu-tools-for-stm32.7-2018-q2-update.win32_1.0.0.201904181610/tools/bin/../lib/gcc/arm-none-eabi/7.3.1/../../../../arm-none-eabi/lib/thumb/v7e-m/fpv4-sp/hard\libc_nano.a
LOAD c:/st/stm32cubeide_1.2.0/stm32cubeide/plugins/com.st.stm32cube.ide.mcu.externaltools.gnu-tools-for-stm32.7-2018-q2-update.win32_1.0.0.201904181610/tools/bin/../lib/gcc/arm-none-eabi/7.3.1/../../../../arm-none-eabi/lib/thumb/v7e-m/fpv4-sp/hard\libnosys.a
END GROUP
LOAD c:/st/stm32cubeide_1.2.0/stm32cubeide/plugins/com.st.stm32cube.ide.mcu.externaltools.gnu-tools-for-stm32.7-2018-q2-update.win32_1.0.0.201904181610/tools/bin/../lib/gcc/arm-none-eabi/7.3.1/thumb/v7e-m/fpv4-sp/hard/crtend.o
LOAD c:/st/stm32cubeide_1.2.0/stm32cubeide/plugins/com.st.stm32cube.ide.mcu.externaltools.gnu-tools-for-stm32.7-2018-q2-update.win32_1.0.0.201904181610/tools/bin/../lib/gcc/arm-none-eabi/7.3.1/thumb/v7e-m/fpv4-sp/hard/crtn.o
                0x0000000020020000                _estack = (ORIGIN (RAM) + LENGTH (RAM))
                0x0000000000000200                _Min_Heap_Size = 0x200
                0x0000000000000400                _Min_Stack_Size = 0x400

.isr_vector     0x0000000008000000      0x188
                0x0000000008000000                . = ALIGN (0x4)
 *(.isr_vector)
 .isr_vector    0x0000000008000000      0x188 Core/Startup/startup_stm32f407vgtx.o
                0x0000000008000000                g_pfnVectors
                0x0000000008000188                . = ALIGN (0x4)

.text           0x0000000008000190     0x90fc
                0x0000000008000190                . = ALIGN (0x4)
 *(.text)
 .text          0x0000000008000190       0x40 c:/st/stm32cubeide_1.2.0/stm32cubeide/plugins/com.st.stm32cube.ide.mcu.externaltools.gnu-tools-for-stm32.7-2018-q2-update.win32_1.0.0.201904181610/tools/bin/../lib/gcc/arm-none-eabi/7.3.1/thumb/v7e-m/fpv4-sp/hard/crtbegin.o
 .text          0x00000000080001d0       0xa0 c:/st/stm32cubeide_1.2.0/stm32cubeide/plugins/com.st.stm32cube.ide.mcu.externaltools.gnu-tools-for-stm32.7-2018-q2-update.win32_1.0.0.201904181610/tools/bin/../lib/gcc/arm-none-eabi/7.3.1/../../../../arm-none-eabi/lib/thumb/v7e-m/fpv4-sp/hard\libc_nano.a(lib_a-memchr.o)
                0x00000000080001d0                memchr
 .text          0x0000000008000270       0x30 c:/st/stm32cubeide_1.2.0/stm32cubeide/plugins/com.st.stm32cube.ide.mcu.externaltools.gnu-tools-for-stm32.7-2018-q2-update.win32_1.0.0.201904181610/tools/bin/../lib/gcc/arm-none-eabi/7.3.1/thumb/v7e-m/fpv4-sp/hard\libgcc.a(_aeabi_uldivmod.o)
                0x0000000008000270                __aeabi_uldivmod
 .text          0x00000000080002a0      0x2cc c:/st/stm32cubeide_1.2.0/stm32cubeide/plugins/com.st.stm32cube.ide.mcu.externaltools.gnu-tools-for-stm32.7-2018-q2-update.win32_1.0.0.201904181610/tools/bin/../lib/gcc/arm-none-eabi/7.3.1/thumb/v7e-m/fpv4-sp/hard\libgcc.a(_udivmoddi4.o)
                0x00000000080002a0                __udivmoddi4
 .text          0x000000000800056c        0x4 c:/st/stm32cubeide_1.2.0/stm32cubeide/plugins/com.st.stm32cube.ide.mcu.externaltools.gnu-tools-for-stm32.7-2018-q2-update.win32_1.0.0.201904181610/tools/bin/../lib/gcc/arm-none-eabi/7.3.1/thumb/v7e-m/fpv4-sp/hard\libgcc.a(_dvmd_tls.o)
                0x000000000800056c                __aeabi_idiv0
                0x000000000800056c                __aeabi_ldiv0
 *(.text*)
 .text.MX_GPIO_Init
                0x0000000008000570      0x1fc Core/Src/gpio.o
                0x0000000008000570                MX_GPIO_Init
 .text.MX_I2C1_Init
                0x000000000800076c       0x5c Core/Src/i2c.o
                0x000000000800076c                MX_I2C1_Init
 .text.HAL_I2C_MspInit
                0x00000000080007c8       0x90 Core/Src/i2c.o
                0x00000000080007c8                HAL_I2C_MspInit
 .text.MX_I2S3_Init
                0x0000000008000858       0x60 Core/Src/i2s.o
                0x0000000008000858                MX_I2S3_Init
 .text.HAL_I2S_MspInit
                0x00000000080008b8       0xd0 Core/Src/i2s.o
                0x00000000080008b8                HAL_I2S_MspInit
 .text.ITM_SendChar
                0x0000000008000988       0x4e Core/Src/main.o
 .text._write   0x00000000080009d6       0x3c Core/Src/main.o
                0x00000000080009d6                _write
 *fill*         0x0000000008000a12        0x2 
 .text.HAL_TIM_IC_CaptureCallback
                0x0000000008000a14       0x84 Core/Src/main.o
                0x0000000008000a14                HAL_TIM_IC_CaptureCallback
 .text.match    0x0000000008000a98       0x6c Core/Src/main.o
                0x0000000008000a98                match
 .text.main     0x0000000008000b04      0x19c Core/Src/main.o
                0x0000000008000b04                main
 .text.SystemClock_Config
                0x0000000008000ca0      0x104 Core/Src/main.o
                0x0000000008000ca0                SystemClock_Config
 .text.Error_Handler
                0x0000000008000da4        0xe Core/Src/main.o
                0x0000000008000da4                Error_Handler
 *fill*         0x0000000008000db2        0x2 
 .text.MX_SPI1_Init
                0x0000000008000db4       0x6c Core/Src/spi.o
                0x0000000008000db4                MX_SPI1_Init
 .text.HAL_SPI_MspInit
                0x0000000008000e20       0x90 Core/Src/spi.o
                0x0000000008000e20                HAL_SPI_MspInit
 .text.HAL_MspInit
                0x0000000008000eb0       0x50 Core/Src/stm32f4xx_hal_msp.o
                0x0000000008000eb0                HAL_MspInit
 .text.NMI_Handler
                0x0000000008000f00        0xe Core/Src/stm32f4xx_it.o
                0x0000000008000f00                NMI_Handler
 .text.HardFault_Handler
                0x0000000008000f0e        0x6 Core/Src/stm32f4xx_it.o
                0x0000000008000f0e                HardFault_Handler
 .text.MemManage_Handler
                0x0000000008000f14        0x6 Core/Src/stm32f4xx_it.o
                0x0000000008000f14                MemManage_Handler
 .text.BusFault_Handler
                0x0000000008000f1a        0x6 Core/Src/stm32f4xx_it.o
                0x0000000008000f1a                BusFault_Handler
 .text.UsageFault_Handler
                0x0000000008000f20        0x6 Core/Src/stm32f4xx_it.o
                0x0000000008000f20                UsageFault_Handler
 .text.SVC_Handler
                0x0000000008000f26        0xe Core/Src/stm32f4xx_it.o
                0x0000000008000f26                SVC_Handler
 .text.DebugMon_Handler
                0x0000000008000f34        0xe Core/Src/stm32f4xx_it.o
                0x0000000008000f34                DebugMon_Handler
 .text.PendSV_Handler
                0x0000000008000f42        0xe Core/Src/stm32f4xx_it.o
                0x0000000008000f42                PendSV_Handler
 .text.SysTick_Handler
                0x0000000008000f50        0xc Core/Src/stm32f4xx_it.o
                0x0000000008000f50                SysTick_Handler
 .text.TIM1_CC_IRQHandler
                0x0000000008000f5c       0x14 Core/Src/stm32f4xx_it.o
                0x0000000008000f5c                TIM1_CC_IRQHandler
 .text.OTG_FS_IRQHandler
                0x0000000008000f70       0x14 Core/Src/stm32f4xx_it.o
                0x0000000008000f70                OTG_FS_IRQHandler
 .text._read    0x0000000008000f84       0x3a Core/Src/syscalls.o
                0x0000000008000f84                _read
 .text._close   0x0000000008000fbe       0x18 Core/Src/syscalls.o
                0x0000000008000fbe                _close
 .text._fstat   0x0000000008000fd6       0x20 Core/Src/syscalls.o
                0x0000000008000fd6                _fstat
 .text._isatty  0x0000000008000ff6       0x16 Core/Src/syscalls.o
                0x0000000008000ff6                _isatty
 .text._lseek   0x000000000800100c       0x1a Core/Src/syscalls.o
                0x000000000800100c                _lseek
 *fill*         0x0000000008001026        0x2 
 .text._sbrk    0x0000000008001028       0x58 Core/Src/sysmem.o
                0x0000000008001028                _sbrk
 .text.SystemInit
                0x0000000008001080       0x2c Core/Src/system_stm32f4xx.o
                0x0000000008001080                SystemInit
 .text.MX_TIM1_Init
                0x00000000080010ac       0xe8 Core/Src/tim.o
                0x00000000080010ac                MX_TIM1_Init
 .text.HAL_TIM_Base_MspInit
                0x0000000008001194       0xa0 Core/Src/tim.o
                0x0000000008001194                HAL_TIM_Base_MspInit
 .text.MX_USART2_UART_Init
                0x0000000008001234       0x54 Core/Src/usart.o
                0x0000000008001234                MX_USART2_UART_Init
 .text.HAL_UART_MspInit
                0x0000000008001288       0x90 Core/Src/usart.o
                0x0000000008001288                HAL_UART_MspInit
 .text.Reset_Handler
                0x0000000008001318       0x50 Core/Startup/startup_stm32f407vgtx.o
                0x0000000008001318                Reset_Handler
 .text.Default_Handler
                0x0000000008001368        0x2 Core/Startup/startup_stm32f407vgtx.o
                0x0000000008001368                RTC_Alarm_IRQHandler
                0x0000000008001368                HASH_RNG_IRQHandler
                0x0000000008001368                EXTI2_IRQHandler
                0x0000000008001368                TIM8_CC_IRQHandler
                0x0000000008001368                DMA2_Stream5_IRQHandler
                0x0000000008001368                DMA1_Stream5_IRQHandler
                0x0000000008001368                PVD_IRQHandler
                0x0000000008001368                SDIO_IRQHandler
                0x0000000008001368                TAMP_STAMP_IRQHandler
                0x0000000008001368                CAN2_RX1_IRQHandler
                0x0000000008001368                EXTI3_IRQHandler
                0x0000000008001368                TIM8_TRG_COM_TIM14_IRQHandler
                0x0000000008001368                TIM1_UP_TIM10_IRQHandler
                0x0000000008001368                TIM8_UP_TIM13_IRQHandler
                0x0000000008001368                I2C3_ER_IRQHandler
                0x0000000008001368                EXTI0_IRQHandler
                0x0000000008001368                I2C2_EV_IRQHandler
                0x0000000008001368                DMA1_Stream2_IRQHandler
                0x0000000008001368                CAN1_RX0_IRQHandler
                0x0000000008001368                FPU_IRQHandler
                0x0000000008001368                OTG_HS_WKUP_IRQHandler
                0x0000000008001368                CAN2_SCE_IRQHandler
                0x0000000008001368                DMA2_Stream2_IRQHandler
                0x0000000008001368                SPI1_IRQHandler
                0x0000000008001368                TIM6_DAC_IRQHandler
                0x0000000008001368                TIM1_BRK_TIM9_IRQHandler
                0x0000000008001368                DCMI_IRQHandler
                0x0000000008001368                CAN2_RX0_IRQHandler
                0x0000000008001368                DMA2_Stream3_IRQHandler
                0x0000000008001368                USART6_IRQHandler
                0x0000000008001368                USART3_IRQHandler
                0x0000000008001368                CAN1_RX1_IRQHandler
                0x0000000008001368                UART5_IRQHandler
                0x0000000008001368                DMA2_Stream0_IRQHandler
                0x0000000008001368                TIM4_IRQHandler
                0x0000000008001368                I2C1_EV_IRQHandler
                0x0000000008001368                DMA1_Stream6_IRQHandler
                0x0000000008001368                DMA1_Stream1_IRQHandler
                0x0000000008001368                UART4_IRQHandler
                0x0000000008001368                TIM3_IRQHandler
                0x0000000008001368                RCC_IRQHandler
                0x0000000008001368                TIM8_BRK_TIM12_IRQHandler
                0x0000000008001368                Default_Handler
                0x0000000008001368                EXTI15_10_IRQHandler
                0x0000000008001368                ADC_IRQHandler
                0x0000000008001368                DMA1_Stream7_IRQHandler
                0x0000000008001368                TIM7_IRQHandler
                0x0000000008001368                CAN2_TX_IRQHandler
                0x0000000008001368                TIM5_IRQHandler
                0x0000000008001368                DMA2_Stream7_IRQHandler
                0x0000000008001368                I2C3_EV_IRQHandler
                0x0000000008001368                EXTI9_5_IRQHandler
                0x0000000008001368                RTC_WKUP_IRQHandler
                0x0000000008001368                ETH_WKUP_IRQHandler
                0x0000000008001368                SPI2_IRQHandler
                0x0000000008001368                OTG_HS_EP1_IN_IRQHandler
                0x0000000008001368                DMA1_Stream0_IRQHandler
                0x0000000008001368                CAN1_TX_IRQHandler
                0x0000000008001368                EXTI4_IRQHandler
                0x0000000008001368                FSMC_IRQHandler
                0x0000000008001368                ETH_IRQHandler
                0x0000000008001368                OTG_HS_EP1_OUT_IRQHandler
                0x0000000008001368                WWDG_IRQHandler
                0x0000000008001368                TIM2_IRQHandler
                0x0000000008001368                OTG_FS_WKUP_IRQHandler
                0x0000000008001368                TIM1_TRG_COM_TIM11_IRQHandler
                0x0000000008001368                OTG_HS_IRQHandler
                0x0000000008001368                EXTI1_IRQHandler
                0x0000000008001368                USART2_IRQHandler
                0x0000000008001368                I2C2_ER_IRQHandler
                0x0000000008001368                DMA2_Stream1_IRQHandler
                0x0000000008001368                CAN1_SCE_IRQHandler
                0x0000000008001368                FLASH_IRQHandler
                0x0000000008001368                DMA2_Stream4_IRQHandler
                0x0000000008001368                USART1_IRQHandler
                0x0000000008001368                SPI3_IRQHandler
                0x0000000008001368                DMA1_Stream4_IRQHandler
                0x0000000008001368                I2C1_ER_IRQHandler
                0x0000000008001368                DMA2_Stream6_IRQHandler
                0x0000000008001368                DMA1_Stream3_IRQHandler
 *fill*         0x000000000800136a        0x2 
 .text.HAL_Init
                0x000000000800136c       0x44 Drivers/STM32F4xx_HAL_Driver/stm32f4xx_hal.o
                0x000000000800136c                HAL_Init
 .text.HAL_InitTick
                0x00000000080013b0       0x60 Drivers/STM32F4xx_HAL_Driver/stm32f4xx_hal.o
                0x00000000080013b0                HAL_InitTick
 .text.HAL_IncTick
                0x0000000008001410       0x28 Drivers/STM32F4xx_HAL_Driver/stm32f4xx_hal.o
                0x0000000008001410                HAL_IncTick
 .text.HAL_GetTick
                0x0000000008001438       0x18 Drivers/STM32F4xx_HAL_Driver/stm32f4xx_hal.o
                0x0000000008001438                HAL_GetTick
 .text.HAL_Delay
                0x0000000008001450       0x44 Drivers/STM32F4xx_HAL_Driver/stm32f4xx_hal.o
                0x0000000008001450                HAL_Delay
 .text.__NVIC_SetPriorityGrouping
                0x0000000008001494       0x48 Drivers/STM32F4xx_HAL_Driver/stm32f4xx_hal_cortex.o
 .text.__NVIC_GetPriorityGrouping
                0x00000000080014dc       0x1c Drivers/STM32F4xx_HAL_Driver/stm32f4xx_hal_cortex.o
 .text.__NVIC_EnableIRQ
                0x00000000080014f8       0x3c Drivers/STM32F4xx_HAL_Driver/stm32f4xx_hal_cortex.o
 .text.__NVIC_SetPriority
                0x0000000008001534       0x54 Drivers/STM32F4xx_HAL_Driver/stm32f4xx_hal_cortex.o
 .text.NVIC_EncodePriority
                0x0000000008001588       0x66 Drivers/STM32F4xx_HAL_Driver/stm32f4xx_hal_cortex.o
 *fill*         0x00000000080015ee        0x2 
 .text.SysTick_Config
                0x00000000080015f0       0x44 Drivers/STM32F4xx_HAL_Driver/stm32f4xx_hal_cortex.o
 .text.HAL_NVIC_SetPriorityGrouping
                0x0000000008001634       0x16 Drivers/STM32F4xx_HAL_Driver/stm32f4xx_hal_cortex.o
                0x0000000008001634                HAL_NVIC_SetPriorityGrouping
 .text.HAL_NVIC_SetPriority
                0x000000000800164a       0x38 Drivers/STM32F4xx_HAL_Driver/stm32f4xx_hal_cortex.o
                0x000000000800164a                HAL_NVIC_SetPriority
 .text.HAL_NVIC_EnableIRQ
                0x0000000008001682       0x1c Drivers/STM32F4xx_HAL_Driver/stm32f4xx_hal_cortex.o
                0x0000000008001682                HAL_NVIC_EnableIRQ
 .text.HAL_SYSTICK_Config
                0x000000000800169e       0x18 Drivers/STM32F4xx_HAL_Driver/stm32f4xx_hal_cortex.o
                0x000000000800169e                HAL_SYSTICK_Config
 *fill*         0x00000000080016b6        0x2 
 .text.HAL_GPIO_Init
                0x00000000080016b8      0x334 Drivers/STM32F4xx_HAL_Driver/stm32f4xx_hal_gpio.o
                0x00000000080016b8                HAL_GPIO_Init
 .text.HAL_GPIO_WritePin
                0x00000000080019ec       0x32 Drivers/STM32F4xx_HAL_Driver/stm32f4xx_hal_gpio.o
                0x00000000080019ec                HAL_GPIO_WritePin
 .text.HAL_HCD_Init
                0x0000000008001a1e       0xc4 Drivers/STM32F4xx_HAL_Driver/stm32f4xx_hal_hcd.o
                0x0000000008001a1e                HAL_HCD_Init
 .text.HAL_HCD_HC_Init
                0x0000000008001ae2      0x130 Drivers/STM32F4xx_HAL_Driver/stm32f4xx_hal_hcd.o
                0x0000000008001ae2                HAL_HCD_HC_Init
 .text.HAL_HCD_HC_Halt
                0x0000000008001c12       0x46 Drivers/STM32F4xx_HAL_Driver/stm32f4xx_hal_hcd.o
                0x0000000008001c12                HAL_HCD_HC_Halt
 .text.HAL_HCD_HC_SubmitRequest
                0x0000000008001c58      0x2d0 Drivers/STM32F4xx_HAL_Driver/stm32f4xx_hal_hcd.o
                0x0000000008001c58                HAL_HCD_HC_SubmitRequest
 .text.HAL_HCD_IRQHandler
                0x0000000008001f28      0x20c Drivers/STM32F4xx_HAL_Driver/stm32f4xx_hal_hcd.o
                0x0000000008001f28                HAL_HCD_IRQHandler
 .text.HAL_HCD_Start
                0x0000000008002134       0x46 Drivers/STM32F4xx_HAL_Driver/stm32f4xx_hal_hcd.o
                0x0000000008002134                HAL_HCD_Start
 .text.HAL_HCD_Stop
                0x000000000800217a       0x3a Drivers/STM32F4xx_HAL_Driver/stm32f4xx_hal_hcd.o
                0x000000000800217a                HAL_HCD_Stop
 .text.HAL_HCD_HC_GetURBState
                0x00000000080021b4       0x2a Drivers/STM32F4xx_HAL_Driver/stm32f4xx_hal_hcd.o
                0x00000000080021b4                HAL_HCD_HC_GetURBState
 .text.HAL_HCD_HC_GetXferCount
                0x00000000080021de       0x2a Drivers/STM32F4xx_HAL_Driver/stm32f4xx_hal_hcd.o
                0x00000000080021de                HAL_HCD_HC_GetXferCount
 .text.HAL_HCD_GetCurrentFrame
                0x0000000008002208       0x1c Drivers/STM32F4xx_HAL_Driver/stm32f4xx_hal_hcd.o
                0x0000000008002208                HAL_HCD_GetCurrentFrame
 .text.HCD_HC_IN_IRQHandler
                0x0000000008002224      0x72e Drivers/STM32F4xx_HAL_Driver/stm32f4xx_hal_hcd.o
 .text.HCD_HC_OUT_IRQHandler
                0x0000000008002952      0x6ea Drivers/STM32F4xx_HAL_Driver/stm32f4xx_hal_hcd.o
 .text.HCD_RXQLVL_IRQHandler
                0x000000000800303c      0x158 Drivers/STM32F4xx_HAL_Driver/stm32f4xx_hal_hcd.o
 .text.HCD_Port_IRQHandler
                0x0000000008003194      0x120 Drivers/STM32F4xx_HAL_Driver/stm32f4xx_hal_hcd.o
 .text.HAL_I2C_Init
                0x00000000080032b4      0x270 Drivers/STM32F4xx_HAL_Driver/stm32f4xx_hal_i2c.o
                0x00000000080032b4                HAL_I2C_Init
 .text.HAL_I2S_Init
                0x0000000008003524      0x280 Drivers/STM32F4xx_HAL_Driver/stm32f4xx_hal_i2s.o
                0x0000000008003524                HAL_I2S_Init
 .text.HAL_I2S_TxCpltCallback
                0x00000000080037a4       0x14 Drivers/STM32F4xx_HAL_Driver/stm32f4xx_hal_i2s.o
                0x00000000080037a4                HAL_I2S_TxCpltCallback
 .text.HAL_I2S_RxCpltCallback
                0x00000000080037b8       0x14 Drivers/STM32F4xx_HAL_Driver/stm32f4xx_hal_i2s.o
                0x00000000080037b8                HAL_I2S_RxCpltCallback
 .text.HAL_I2S_ErrorCallback
                0x00000000080037cc       0x14 Drivers/STM32F4xx_HAL_Driver/stm32f4xx_hal_i2s.o
                0x00000000080037cc                HAL_I2S_ErrorCallback
 .text.I2S_Transmit_IT
                0x00000000080037e0       0x5c Drivers/STM32F4xx_HAL_Driver/stm32f4xx_hal_i2s.o
 .text.I2S_Receive_IT
                0x000000000800383c       0x5e Drivers/STM32F4xx_HAL_Driver/stm32f4xx_hal_i2s.o
 .text.I2S_IRQHandler
                0x000000000800389a      0x114 Drivers/STM32F4xx_HAL_Driver/stm32f4xx_hal_i2s.o
 *fill*         0x00000000080039ae        0x2 
 .text.HAL_I2SEx_FullDuplex_IRQHandler
                0x00000000080039b0      0x2a8 Drivers/STM32F4xx_HAL_Driver/stm32f4xx_hal_i2s_ex.o
                0x00000000080039b0                HAL_I2SEx_FullDuplex_IRQHandler
 .text.HAL_I2SEx_TxRxCpltCallback
                0x0000000008003c58       0x14 Drivers/STM32F4xx_HAL_Driver/stm32f4xx_hal_i2s_ex.o
                0x0000000008003c58                HAL_I2SEx_TxRxCpltCallback
 .text.I2SEx_TxISR_I2S
                0x0000000008003c6c       0x62 Drivers/STM32F4xx_HAL_Driver/stm32f4xx_hal_i2s_ex.o
 *fill*         0x0000000008003cce        0x2 
 .text.I2SEx_TxISR_I2SExt
                0x0000000008003cd0       0x98 Drivers/STM32F4xx_HAL_Driver/stm32f4xx_hal_i2s_ex.o
 .text.I2SEx_RxISR_I2S
                0x0000000008003d68       0x64 Drivers/STM32F4xx_HAL_Driver/stm32f4xx_hal_i2s_ex.o
 .text.I2SEx_RxISR_I2SExt
                0x0000000008003dcc       0x98 Drivers/STM32F4xx_HAL_Driver/stm32f4xx_hal_i2s_ex.o
 .text.HAL_RCC_OscConfig
                0x0000000008003e64      0x4e0 Drivers/STM32F4xx_HAL_Driver/stm32f4xx_hal_rcc.o
                0x0000000008003e64                HAL_RCC_OscConfig
 .text.HAL_RCC_ClockConfig
                0x0000000008004344      0x1cc Drivers/STM32F4xx_HAL_Driver/stm32f4xx_hal_rcc.o
                0x0000000008004344                HAL_RCC_ClockConfig
 .text.HAL_RCC_GetSysClockFreq
                0x0000000008004510      0x1b0 Drivers/STM32F4xx_HAL_Driver/stm32f4xx_hal_rcc.o
                0x0000000008004510                HAL_RCC_GetSysClockFreq
 .text.HAL_RCC_GetHCLKFreq
                0x00000000080046c0       0x18 Drivers/STM32F4xx_HAL_Driver/stm32f4xx_hal_rcc.o
                0x00000000080046c0                HAL_RCC_GetHCLKFreq
 .text.HAL_RCC_GetPCLK1Freq
                0x00000000080046d8       0x28 Drivers/STM32F4xx_HAL_Driver/stm32f4xx_hal_rcc.o
                0x00000000080046d8                HAL_RCC_GetPCLK1Freq
 .text.HAL_RCC_GetPCLK2Freq
                0x0000000008004700       0x28 Drivers/STM32F4xx_HAL_Driver/stm32f4xx_hal_rcc.o
                0x0000000008004700                HAL_RCC_GetPCLK2Freq
 .text.HAL_RCCEx_PeriphCLKConfig
                0x0000000008004728      0x1c4 Drivers/STM32F4xx_HAL_Driver/stm32f4xx_hal_rcc_ex.o
                0x0000000008004728                HAL_RCCEx_PeriphCLKConfig
 .text.HAL_RCCEx_GetPeriphCLKFreq
                0x00000000080048ec       0xb8 Drivers/STM32F4xx_HAL_Driver/stm32f4xx_hal_rcc_ex.o
                0x00000000080048ec                HAL_RCCEx_GetPeriphCLKFreq
 .text.HAL_SPI_Init
                0x00000000080049a4       0xc8 Drivers/STM32F4xx_HAL_Driver/stm32f4xx_hal_spi.o
                0x00000000080049a4                HAL_SPI_Init
 .text.HAL_TIM_Base_Init
                0x0000000008004a6c       0x56 Drivers/STM32F4xx_HAL_Driver/stm32f4xx_hal_tim.o
                0x0000000008004a6c                HAL_TIM_Base_Init
 .text.HAL_TIM_IC_Init
                0x0000000008004ac2       0x56 Drivers/STM32F4xx_HAL_Driver/stm32f4xx_hal_tim.o
                0x0000000008004ac2                HAL_TIM_IC_Init
 .text.HAL_TIM_IC_MspInit
                0x0000000008004b18       0x14 Drivers/STM32F4xx_HAL_Driver/stm32f4xx_hal_tim.o
                0x0000000008004b18                HAL_TIM_IC_MspInit
 .text.HAL_TIM_IC_Start_IT
                0x0000000008004b2c       0xd0 Drivers/STM32F4xx_HAL_Driver/stm32f4xx_hal_tim.o
                0x0000000008004b2c                HAL_TIM_IC_Start_IT
 .text.HAL_TIM_IRQHandler
                0x0000000008004bfc      0x210 Drivers/STM32F4xx_HAL_Driver/stm32f4xx_hal_tim.o
                0x0000000008004bfc                HAL_TIM_IRQHandler
 .text.HAL_TIM_IC_ConfigChannel
                0x0000000008004e0c      0x138 Drivers/STM32F4xx_HAL_Driver/stm32f4xx_hal_tim.o
                0x0000000008004e0c                HAL_TIM_IC_ConfigChannel
 .text.HAL_TIM_ConfigClockSource
                0x0000000008004f44      0x16e Drivers/STM32F4xx_HAL_Driver/stm32f4xx_hal_tim.o
                0x0000000008004f44                HAL_TIM_ConfigClockSource
 *fill*         0x00000000080050b2        0x2 
 .text.HAL_TIM_ReadCapturedValue
                0x00000000080050b4       0x88 Drivers/STM32F4xx_HAL_Driver/stm32f4xx_hal_tim.o
                0x00000000080050b4                HAL_TIM_ReadCapturedValue
 .text.HAL_TIM_PeriodElapsedCallback
                0x000000000800513c       0x14 Drivers/STM32F4xx_HAL_Driver/stm32f4xx_hal_tim.o
                0x000000000800513c                HAL_TIM_PeriodElapsedCallback
 .text.HAL_TIM_OC_DelayElapsedCallback
                0x0000000008005150       0x14 Drivers/STM32F4xx_HAL_Driver/stm32f4xx_hal_tim.o
                0x0000000008005150                HAL_TIM_OC_DelayElapsedCallback
 .text.HAL_TIM_PWM_PulseFinishedCallback
                0x0000000008005164       0x14 Drivers/STM32F4xx_HAL_Driver/stm32f4xx_hal_tim.o
                0x0000000008005164                HAL_TIM_PWM_PulseFinishedCallback
 .text.HAL_TIM_TriggerCallback
                0x0000000008005178       0x14 Drivers/STM32F4xx_HAL_Driver/stm32f4xx_hal_tim.o
                0x0000000008005178                HAL_TIM_TriggerCallback
 .text.TIM_Base_SetConfig
                0x000000000800518c      0x140 Drivers/STM32F4xx_HAL_Driver/stm32f4xx_hal_tim.o
                0x000000000800518c                TIM_Base_SetConfig
 .text.TIM_TI1_SetConfig
                0x00000000080052cc       0xe8 Drivers/STM32F4xx_HAL_Driver/stm32f4xx_hal_tim.o
                0x00000000080052cc                TIM_TI1_SetConfig
 .text.TIM_TI1_ConfigInputStage
                0x00000000080053b4       0x5e Drivers/STM32F4xx_HAL_Driver/stm32f4xx_hal_tim.o
 .text.TIM_TI2_SetConfig
                0x0000000008005412       0x7a Drivers/STM32F4xx_HAL_Driver/stm32f4xx_hal_tim.o
 .text.TIM_TI2_ConfigInputStage
                0x000000000800548c       0x60 Drivers/STM32F4xx_HAL_Driver/stm32f4xx_hal_tim.o
 .text.TIM_TI3_SetConfig
                0x00000000080054ec       0x78 Drivers/STM32F4xx_HAL_Driver/stm32f4xx_hal_tim.o
 .text.TIM_TI4_SetConfig
                0x0000000008005564       0x7a Drivers/STM32F4xx_HAL_Driver/stm32f4xx_hal_tim.o
 .text.TIM_ITRx_SetConfig
                0x00000000080055de       0x36 Drivers/STM32F4xx_HAL_Driver/stm32f4xx_hal_tim.o
 .text.TIM_ETR_SetConfig
                0x0000000008005614       0x40 Drivers/STM32F4xx_HAL_Driver/stm32f4xx_hal_tim.o
                0x0000000008005614                TIM_ETR_SetConfig
 .text.TIM_CCxChannelCmd
                0x0000000008005654       0x4a Drivers/STM32F4xx_HAL_Driver/stm32f4xx_hal_tim.o
                0x0000000008005654                TIM_CCxChannelCmd
 *fill*         0x000000000800569e        0x2 
 .text.HAL_TIMEx_MasterConfigSynchronization
                0x00000000080056a0       0xf8 Drivers/STM32F4xx_HAL_Driver/stm32f4xx_hal_tim_ex.o
                0x00000000080056a0                HAL_TIMEx_MasterConfigSynchronization
 .text.HAL_TIMEx_CommutCallback
                0x0000000008005798       0x14 Drivers/STM32F4xx_HAL_Driver/stm32f4xx_hal_tim_ex.o
                0x0000000008005798                HAL_TIMEx_CommutCallback
 .text.HAL_TIMEx_BreakCallback
                0x00000000080057ac       0x14 Drivers/STM32F4xx_HAL_Driver/stm32f4xx_hal_tim_ex.o
                0x00000000080057ac                HAL_TIMEx_BreakCallback
 .text.HAL_UART_Init
                0x00000000080057c0       0x9a Drivers/STM32F4xx_HAL_Driver/stm32f4xx_hal_uart.o
                0x00000000080057c0                HAL_UART_Init
 *fill*         0x000000000800585a        0x2 
 .text.UART_SetConfig
                0x000000000800585c      0x6f8 Drivers/STM32F4xx_HAL_Driver/stm32f4xx_hal_uart.o
 .text.USB_CoreInit
                0x0000000008005f54       0xc2 Drivers/STM32F4xx_HAL_Driver/stm32f4xx_ll_usb.o
                0x0000000008005f54                USB_CoreInit
 .text.USB_EnableGlobalInt
                0x0000000008006016       0x22 Drivers/STM32F4xx_HAL_Driver/stm32f4xx_ll_usb.o
                0x0000000008006016                USB_EnableGlobalInt
 .text.USB_DisableGlobalInt
                0x0000000008006038       0x22 Drivers/STM32F4xx_HAL_Driver/stm32f4xx_ll_usb.o
                0x0000000008006038                USB_DisableGlobalInt
 .text.USB_SetCurrentMode
                0x000000000800605a       0x54 Drivers/STM32F4xx_HAL_Driver/stm32f4xx_ll_usb.o
                0x000000000800605a                USB_SetCurrentMode
 *fill*         0x00000000080060ae        0x2 
 .text.USB_FlushTxFifo
                0x00000000080060b0       0x4c Drivers/STM32F4xx_HAL_Driver/stm32f4xx_ll_usb.o
                0x00000000080060b0                USB_FlushTxFifo
 .text.USB_FlushRxFifo
                0x00000000080060fc       0x44 Drivers/STM32F4xx_HAL_Driver/stm32f4xx_ll_usb.o
                0x00000000080060fc                USB_FlushRxFifo
 .text.USB_WritePacket
                0x0000000008006140       0x6a Drivers/STM32F4xx_HAL_Driver/stm32f4xx_ll_usb.o
                0x0000000008006140                USB_WritePacket
 .text.USB_ReadPacket
                0x00000000080061aa       0x52 Drivers/STM32F4xx_HAL_Driver/stm32f4xx_ll_usb.o
                0x00000000080061aa                USB_ReadPacket
 .text.USB_ReadInterrupts
                0x00000000080061fc       0x26 Drivers/STM32F4xx_HAL_Driver/stm32f4xx_ll_usb.o
                0x00000000080061fc                USB_ReadInterrupts
 .text.USB_GetMode
                0x0000000008006222       0x1c Drivers/STM32F4xx_HAL_Driver/stm32f4xx_ll_usb.o
                0x0000000008006222                USB_GetMode
 *fill*         0x000000000800623e        0x2 
 .text.USB_CoreReset
                0x0000000008006240       0x68 Drivers/STM32F4xx_HAL_Driver/stm32f4xx_ll_usb.o
 .text.USB_HostInit
                0x00000000080062a8      0x178 Drivers/STM32F4xx_HAL_Driver/stm32f4xx_ll_usb.o
                0x00000000080062a8                USB_HostInit
 .text.USB_InitFSLSPClkSel
                0x0000000008006420       0x74 Drivers/STM32F4xx_HAL_Driver/stm32f4xx_ll_usb.o
                0x0000000008006420                USB_InitFSLSPClkSel
 .text.USB_DriveVbus
                0x0000000008006494       0x72 Drivers/STM32F4xx_HAL_Driver/stm32f4xx_ll_usb.o
                0x0000000008006494                USB_DriveVbus
 .text.USB_GetCurrentFrame
                0x0000000008006506       0x22 Drivers/STM32F4xx_HAL_Driver/stm32f4xx_ll_usb.o
                0x0000000008006506                USB_GetCurrentFrame
 .text.USB_HC_Init
                0x0000000008006528      0x214 Drivers/STM32F4xx_HAL_Driver/stm32f4xx_ll_usb.o
                0x0000000008006528                USB_HC_Init
 .text.USB_HC_StartXfer
                0x000000000800673c      0x288 Drivers/STM32F4xx_HAL_Driver/stm32f4xx_ll_usb.o
                0x000000000800673c                USB_HC_StartXfer
 .text.USB_HC_ReadInterrupt
                0x00000000080069c4       0x22 Drivers/STM32F4xx_HAL_Driver/stm32f4xx_ll_usb.o
                0x00000000080069c4                USB_HC_ReadInterrupt
 .text.USB_HC_Halt
                0x00000000080069e6      0x1fe Drivers/STM32F4xx_HAL_Driver/stm32f4xx_ll_usb.o
                0x00000000080069e6                USB_HC_Halt
 .text.USB_DoPing
                0x0000000008006be4       0x78 Drivers/STM32F4xx_HAL_Driver/stm32f4xx_ll_usb.o
                0x0000000008006be4                USB_DoPing
 .text.USB_StopHost
                0x0000000008006c5c      0x10c Drivers/STM32F4xx_HAL_Driver/stm32f4xx_ll_usb.o
                0x0000000008006c5c                USB_StopHost
 .text.USBH_CDC_InterfaceInit
                0x0000000008006d68      0x282 Middlewares/USB_Host_Library/usbh_cdc.o
 .text.USBH_CDC_InterfaceDeInit
                0x0000000008006fea       0xb2 Middlewares/USB_Host_Library/usbh_cdc.o
 .text.USBH_CDC_ClassRequest
                0x000000000800709c       0x42 Middlewares/USB_Host_Library/usbh_cdc.o
 *fill*         0x00000000080070de        0x2 
 .text.USBH_CDC_Process
                0x00000000080070e0      0x12c Middlewares/USB_Host_Library/usbh_cdc.o
 .text.USBH_CDC_SOFProcess
                0x000000000800720c       0x16 Middlewares/USB_Host_Library/usbh_cdc.o
 .text.GetLineCoding
                0x0000000008007222       0x3e Middlewares/USB_Host_Library/usbh_cdc.o
 .text.SetLineCoding
                0x0000000008007260       0x3e Middlewares/USB_Host_Library/usbh_cdc.o
 .text.CDC_ProcessTransmission
                0x000000000800729e       0xf0 Middlewares/USB_Host_Library/usbh_cdc.o
 .text.CDC_ProcessReception
                0x000000000800738e       0xb6 Middlewares/USB_Host_Library/usbh_cdc.o
 .text.USBH_CDC_TransmitCallback
                0x0000000008007444       0x14 Middlewares/USB_Host_Library/usbh_cdc.o
                0x0000000008007444                USBH_CDC_TransmitCallback
 .text.USBH_CDC_ReceiveCallback
                0x0000000008007458       0x14 Middlewares/USB_Host_Library/usbh_cdc.o
                0x0000000008007458                USBH_CDC_ReceiveCallback
 .text.USBH_CDC_LineCodingChanged
                0x000000000800746c       0x14 Middlewares/USB_Host_Library/usbh_cdc.o
                0x000000000800746c                USBH_CDC_LineCodingChanged
 .text.USBH_Init
                0x0000000008007480       0x54 Middlewares/USB_Host_Library/usbh_core.o
                0x0000000008007480                USBH_Init
 .text.DeInitStateMachine
                0x00000000080074d4       0x92 Middlewares/USB_Host_Library/usbh_core.o
 .text.USBH_RegisterClass
                0x0000000008007566       0x56 Middlewares/USB_Host_Library/usbh_core.o
                0x0000000008007566                USBH_RegisterClass
 .text.USBH_SelectInterface
                0x00000000080075bc       0x38 Middlewares/USB_Host_Library/usbh_core.o
                0x00000000080075bc                USBH_SelectInterface
 .text.USBH_FindInterface
                0x00000000080075f4       0x8c Middlewares/USB_Host_Library/usbh_core.o
                0x00000000080075f4                USBH_FindInterface
 .text.USBH_Start
                0x0000000008007680       0x20 Middlewares/USB_Host_Library/usbh_core.o
                0x0000000008007680                USBH_Start
 .text.USBH_LL_SetTimer
                0x00000000080076a0       0x1e Middlewares/USB_Host_Library/usbh_core.o
                0x00000000080076a0                USBH_LL_SetTimer
 .text.USBH_LL_IncTimer
                0x00000000080076be       0x24 Middlewares/USB_Host_Library/usbh_core.o
                0x00000000080076be                USBH_LL_IncTimer
 .text.USBH_HandleSof
                0x00000000080076e2       0x30 Middlewares/USB_Host_Library/usbh_core.o
 .text.USBH_LL_PortEnabled
                0x0000000008007712       0x1c Middlewares/USB_Host_Library/usbh_core.o
                0x0000000008007712                USBH_LL_PortEnabled
 .text.USBH_LL_PortDisabled
                0x000000000800772e       0x1c Middlewares/USB_Host_Library/usbh_core.o
                0x000000000800772e                USBH_LL_PortDisabled
 .text.USBH_LL_Connect
                0x000000000800774a       0x4c Middlewares/USB_Host_Library/usbh_core.o
                0x000000000800774a                USBH_LL_Connect
 .text.USBH_LL_Disconnect
                0x0000000008007796       0x5a Middlewares/USB_Host_Library/usbh_core.o
                0x0000000008007796                USBH_LL_Disconnect
 .text.USBH_ClrFeature
                0x00000000080077f0       0x48 Middlewares/USB_Host_Library/usbh_ctlreq.o
                0x00000000080077f0                USBH_ClrFeature
 .text.USBH_CtlReq
                0x0000000008007838       0x94 Middlewares/USB_Host_Library/usbh_ctlreq.o
                0x0000000008007838                USBH_CtlReq
 .text.USBH_HandleControl
                0x00000000080078cc      0x2d4 Middlewares/USB_Host_Library/usbh_ctlreq.o
 .text.USBH_CtlSendSetup
                0x0000000008007ba0       0x34 Middlewares/USB_Host_Library/usbh_ioreq.o
                0x0000000008007ba0                USBH_CtlSendSetup
 .text.USBH_CtlSendData
                0x0000000008007bd4       0x4a Middlewares/USB_Host_Library/usbh_ioreq.o
                0x0000000008007bd4                USBH_CtlSendData
 .text.USBH_CtlReceiveData
                0x0000000008007c1e       0x3c Middlewares/USB_Host_Library/usbh_ioreq.o
                0x0000000008007c1e                USBH_CtlReceiveData
 .text.USBH_BulkSendData
                0x0000000008007c5a       0x4a Middlewares/USB_Host_Library/usbh_ioreq.o
                0x0000000008007c5a                USBH_BulkSendData
 .text.USBH_BulkReceiveData
                0x0000000008007ca4       0x3c Middlewares/USB_Host_Library/usbh_ioreq.o
                0x0000000008007ca4                USBH_BulkReceiveData
 .text.USBH_OpenPipe
                0x0000000008007ce0       0x3e Middlewares/USB_Host_Library/usbh_pipes.o
                0x0000000008007ce0                USBH_OpenPipe
 .text.USBH_ClosePipe
                0x0000000008007d1e       0x20 Middlewares/USB_Host_Library/usbh_pipes.o
                0x0000000008007d1e                USBH_ClosePipe
 .text.USBH_AllocPipe
                0x0000000008007d3e       0x3c Middlewares/USB_Host_Library/usbh_pipes.o
                0x0000000008007d3e                USBH_AllocPipe
 .text.USBH_FreePipe
                0x0000000008007d7a       0x38 Middlewares/USB_Host_Library/usbh_pipes.o
                0x0000000008007d7a                USBH_FreePipe
 .text.USBH_GetFreePipe
                0x0000000008007db2       0x46 Middlewares/USB_Host_Library/usbh_pipes.o
 .text.MX_USB_HOST_Init
                0x0000000008007df8       0x4c USB_HOST/App/usb_host.o
                0x0000000008007df8                MX_USB_HOST_Init
 .text.USBH_UserProcess
                0x0000000008007e44       0x5c USB_HOST/App/usb_host.o
 .text.HAL_HCD_MspInit
                0x0000000008007ea0       0xc4 USB_HOST/Target/usbh_conf.o
                0x0000000008007ea0                HAL_HCD_MspInit
 .text.HAL_HCD_SOF_Callback
                0x0000000008007f64       0x1c USB_HOST/Target/usbh_conf.o
                0x0000000008007f64                HAL_HCD_SOF_Callback
 .text.HAL_HCD_Connect_Callback
                0x0000000008007f80       0x1c USB_HOST/Target/usbh_conf.o
                0x0000000008007f80                HAL_HCD_Connect_Callback
 .text.HAL_HCD_Disconnect_Callback
                0x0000000008007f9c       0x1c USB_HOST/Target/usbh_conf.o
                0x0000000008007f9c                HAL_HCD_Disconnect_Callback
 .text.HAL_HCD_HC_NotifyURBChange_Callback
                0x0000000008007fb8       0x1c USB_HOST/Target/usbh_conf.o
                0x0000000008007fb8                HAL_HCD_HC_NotifyURBChange_Callback
 .text.HAL_HCD_PortEnabled_Callback
                0x0000000008007fd4       0x1c USB_HOST/Target/usbh_conf.o
                0x0000000008007fd4                HAL_HCD_PortEnabled_Callback
 .text.HAL_HCD_PortDisabled_Callback
                0x0000000008007ff0       0x1c USB_HOST/Target/usbh_conf.o
                0x0000000008007ff0                HAL_HCD_PortDisabled_Callback
 .text.USBH_LL_Init
                0x000000000800800c       0x78 USB_HOST/Target/usbh_conf.o
                0x000000000800800c                USBH_LL_Init
 .text.USBH_LL_Start
                0x0000000008008084       0x36 USB_HOST/Target/usbh_conf.o
                0x0000000008008084                USBH_LL_Start
 .text.USBH_LL_Stop
                0x00000000080080ba       0x36 USB_HOST/Target/usbh_conf.o
                0x00000000080080ba                USBH_LL_Stop
 .text.USBH_LL_GetLastXferSize
                0x00000000080080f0       0x26 USB_HOST/Target/usbh_conf.o
                0x00000000080080f0                USBH_LL_GetLastXferSize
 .text.USBH_LL_OpenPipe
                0x0000000008008116       0x5e USB_HOST/Target/usbh_conf.o
                0x0000000008008116                USBH_LL_OpenPipe
 .text.USBH_LL_ClosePipe
                0x0000000008008174       0x3e USB_HOST/Target/usbh_conf.o
                0x0000000008008174                USBH_LL_ClosePipe
 .text.USBH_LL_SubmitURB
                0x00000000080081b2       0x62 USB_HOST/Target/usbh_conf.o
                0x00000000080081b2                USBH_LL_SubmitURB
 .text.USBH_LL_GetURBState
                0x0000000008008214       0x26 USB_HOST/Target/usbh_conf.o
                0x0000000008008214                USBH_LL_GetURBState
 .text.USBH_LL_DriverVBUS
                0x000000000800823a       0x2e USB_HOST/Target/usbh_conf.o
                0x000000000800823a                USBH_LL_DriverVBUS
 .text.USBH_LL_SetToggle
                0x0000000008008268       0x66 USB_HOST/Target/usbh_conf.o
                0x0000000008008268                USBH_LL_SetToggle
 *fill*         0x00000000080082ce        0x2 
 .text.USBH_Get_USB_Status
                0x00000000080082d0       0x58 USB_HOST/Target/usbh_conf.o
                0x00000000080082d0                USBH_Get_USB_Status
 .text.MX_DriverVbusFS
                0x0000000008008328       0x38 USB_HOST/Target/usbh_platform.o
                0x0000000008008328                MX_DriverVbusFS
 .text.__errno  0x0000000008008360        0xc c:/st/stm32cubeide_1.2.0/stm32cubeide/plugins/com.st.stm32cube.ide.mcu.externaltools.gnu-tools-for-stm32.7-2018-q2-update.win32_1.0.0.201904181610/tools/bin/../lib/gcc/arm-none-eabi/7.3.1/../../../../arm-none-eabi/lib/thumb/v7e-m/fpv4-sp/hard\libc_nano.a(lib_a-errno.o)
                0x0000000008008360                __errno
 .text.__libc_init_array
                0x000000000800836c       0x48 c:/st/stm32cubeide_1.2.0/stm32cubeide/plugins/com.st.stm32cube.ide.mcu.externaltools.gnu-tools-for-stm32.7-2018-q2-update.win32_1.0.0.201904181610/tools/bin/../lib/gcc/arm-none-eabi/7.3.1/../../../../arm-none-eabi/lib/thumb/v7e-m/fpv4-sp/hard\libc_nano.a(lib_a-init.o)
                0x000000000800836c                __libc_init_array
 .text.malloc   0x00000000080083b4       0x10 c:/st/stm32cubeide_1.2.0/stm32cubeide/plugins/com.st.stm32cube.ide.mcu.externaltools.gnu-tools-for-stm32.7-2018-q2-update.win32_1.0.0.201904181610/tools/bin/../lib/gcc/arm-none-eabi/7.3.1/../../../../arm-none-eabi/lib/thumb/v7e-m/fpv4-sp/hard\libc_nano.a(lib_a-malloc.o)
                0x00000000080083b4                malloc
 .text.free     0x00000000080083c4       0x10 c:/st/stm32cubeide_1.2.0/stm32cubeide/plugins/com.st.stm32cube.ide.mcu.externaltools.gnu-tools-for-stm32.7-2018-q2-update.win32_1.0.0.201904181610/tools/bin/../lib/gcc/arm-none-eabi/7.3.1/../../../../arm-none-eabi/lib/thumb/v7e-m/fpv4-sp/hard\libc_nano.a(lib_a-malloc.o)
                0x00000000080083c4                free
 .text.memset   0x00000000080083d4       0x10 c:/st/stm32cubeide_1.2.0/stm32cubeide/plugins/com.st.stm32cube.ide.mcu.externaltools.gnu-tools-for-stm32.7-2018-q2-update.win32_1.0.0.201904181610/tools/bin/../lib/gcc/arm-none-eabi/7.3.1/../../../../arm-none-eabi/lib/thumb/v7e-m/fpv4-sp/hard\libc_nano.a(lib_a-memset.o)
                0x00000000080083d4                memset
 .text._free_r  0x00000000080083e4       0x9c c:/st/stm32cubeide_1.2.0/stm32cubeide/plugins/com.st.stm32cube.ide.mcu.externaltools.gnu-tools-for-stm32.7-2018-q2-update.win32_1.0.0.201904181610/tools/bin/../lib/gcc/arm-none-eabi/7.3.1/../../../../arm-none-eabi/lib/thumb/v7e-m/fpv4-sp/hard\libc_nano.a(lib_a-nano-freer.o)
                0x00000000080083e4                _free_r
 .text._malloc_r
                0x0000000008008480       0xb4 c:/st/stm32cubeide_1.2.0/stm32cubeide/plugins/com.st.stm32cube.ide.mcu.externaltools.gnu-tools-for-stm32.7-2018-q2-update.win32_1.0.0.201904181610/tools/bin/../lib/gcc/arm-none-eabi/7.3.1/../../../../arm-none-eabi/lib/thumb/v7e-m/fpv4-sp/hard\libc_nano.a(lib_a-nano-mallocr.o)
                0x0000000008008480                _malloc_r
 .text.printf   0x0000000008008534       0x30 c:/st/stm32cubeide_1.2.0/stm32cubeide/plugins/com.st.stm32cube.ide.mcu.externaltools.gnu-tools-for-stm32.7-2018-q2-update.win32_1.0.0.201904181610/tools/bin/../lib/gcc/arm-none-eabi/7.3.1/../../../../arm-none-eabi/lib/thumb/v7e-m/fpv4-sp/hard\libc_nano.a(lib_a-printf.o)
                0x0000000008008534                iprintf
                0x0000000008008534                printf
 .text._puts_r  0x0000000008008564       0xb8 c:/st/stm32cubeide_1.2.0/stm32cubeide/plugins/com.st.stm32cube.ide.mcu.externaltools.gnu-tools-for-stm32.7-2018-q2-update.win32_1.0.0.201904181610/tools/bin/../lib/gcc/arm-none-eabi/7.3.1/../../../../arm-none-eabi/lib/thumb/v7e-m/fpv4-sp/hard\libc_nano.a(lib_a-puts.o)
                0x0000000008008564                _puts_r
 .text.puts     0x000000000800861c       0x10 c:/st/stm32cubeide_1.2.0/stm32cubeide/plugins/com.st.stm32cube.ide.mcu.externaltools.gnu-tools-for-stm32.7-2018-q2-update.win32_1.0.0.201904181610/tools/bin/../lib/gcc/arm-none-eabi/7.3.1/../../../../arm-none-eabi/lib/thumb/v7e-m/fpv4-sp/hard\libc_nano.a(lib_a-puts.o)
                0x000000000800861c                puts
 .text._sbrk_r  0x000000000800862c       0x20 c:/st/stm32cubeide_1.2.0/stm32cubeide/plugins/com.st.stm32cube.ide.mcu.externaltools.gnu-tools-for-stm32.7-2018-q2-update.win32_1.0.0.201904181610/tools/bin/../lib/gcc/arm-none-eabi/7.3.1/../../../../arm-none-eabi/lib/thumb/v7e-m/fpv4-sp/hard\libc_nano.a(lib_a-sbrkr.o)
                0x000000000800862c                _sbrk_r
 .text.__swbuf_r
                0x000000000800864c       0xa4 c:/st/stm32cubeide_1.2.0/stm32cubeide/plugins/com.st.stm32cube.ide.mcu.externaltools.gnu-tools-for-stm32.7-2018-q2-update.win32_1.0.0.201904181610/tools/bin/../lib/gcc/arm-none-eabi/7.3.1/../../../../arm-none-eabi/lib/thumb/v7e-m/fpv4-sp/hard\libc_nano.a(lib_a-wbuf.o)
                0x000000000800864c                __swbuf_r
 .text.__swsetup_r
                0x00000000080086f0       0xdc c:/st/stm32cubeide_1.2.0/stm32cubeide/plugins/com.st.stm32cube.ide.mcu.externaltools.gnu-tools-for-stm32.7-2018-q2-update.win32_1.0.0.201904181610/tools/bin/../lib/gcc/arm-none-eabi/7.3.1/../../../../arm-none-eabi/lib/thumb/v7e-m/fpv4-sp/hard\libc_nano.a(lib_a-wsetup.o)
                0x00000000080086f0                __swsetup_r
 .text.__sflush_r
                0x00000000080087cc      0x10c c:/st/stm32cubeide_1.2.0/stm32cubeide/plugins/com.st.stm32cube.ide.mcu.externaltools.gnu-tools-for-stm32.7-2018-q2-update.win32_1.0.0.201904181610/tools/bin/../lib/gcc/arm-none-eabi/7.3.1/../../../../arm-none-eabi/lib/thumb/v7e-m/fpv4-sp/hard\libc_nano.a(lib_a-fflush.o)
                0x00000000080087cc                __sflush_r
 .text._fflush_r
                0x00000000080088d8       0x54 c:/st/stm32cubeide_1.2.0/stm32cubeide/plugins/com.st.stm32cube.ide.mcu.externaltools.gnu-tools-for-stm32.7-2018-q2-update.win32_1.0.0.201904181610/tools/bin/../lib/gcc/arm-none-eabi/7.3.1/../../../../arm-none-eabi/lib/thumb/v7e-m/fpv4-sp/hard\libc_nano.a(lib_a-fflush.o)
                0x00000000080088d8                _fflush_r
 .text.std      0x000000000800892c       0x48 c:/st/stm32cubeide_1.2.0/stm32cubeide/plugins/com.st.stm32cube.ide.mcu.externaltools.gnu-tools-for-stm32.7-2018-q2-update.win32_1.0.0.201904181610/tools/bin/../lib/gcc/arm-none-eabi/7.3.1/../../../../arm-none-eabi/lib/thumb/v7e-m/fpv4-sp/hard\libc_nano.a(lib_a-findfp.o)
 .text._cleanup_r
                0x0000000008008974        0xc c:/st/stm32cubeide_1.2.0/stm32cubeide/plugins/com.st.stm32cube.ide.mcu.externaltools.gnu-tools-for-stm32.7-2018-q2-update.win32_1.0.0.201904181610/tools/bin/../lib/gcc/arm-none-eabi/7.3.1/../../../../arm-none-eabi/lib/thumb/v7e-m/fpv4-sp/hard\libc_nano.a(lib_a-findfp.o)
                0x0000000008008974                _cleanup_r
 .text.__sfmoreglue
                0x0000000008008980       0x2c c:/st/stm32cubeide_1.2.0/stm32cubeide/plugins/com.st.stm32cube.ide.mcu.externaltools.gnu-tools-for-stm32.7-2018-q2-update.win32_1.0.0.201904181610/tools/bin/../lib/gcc/arm-none-eabi/7.3.1/../../../../arm-none-eabi/lib/thumb/v7e-m/fpv4-sp/hard\libc_nano.a(lib_a-findfp.o)
                0x0000000008008980                __sfmoreglue
 .text.__sinit  0x00000000080089ac       0x60 c:/st/stm32cubeide_1.2.0/stm32cubeide/plugins/com.st.stm32cube.ide.mcu.externaltools.gnu-tools-for-stm32.7-2018-q2-update.win32_1.0.0.201904181610/tools/bin/../lib/gcc/arm-none-eabi/7.3.1/../../../../arm-none-eabi/lib/thumb/v7e-m/fpv4-sp/hard\libc_nano.a(lib_a-findfp.o)
                0x00000000080089ac                __sinit
 .text.__sfp    0x0000000008008a0c       0x78 c:/st/stm32cubeide_1.2.0/stm32cubeide/plugins/com.st.stm32cube.ide.mcu.externaltools.gnu-tools-for-stm32.7-2018-q2-update.win32_1.0.0.201904181610/tools/bin/../lib/gcc/arm-none-eabi/7.3.1/../../../../arm-none-eabi/lib/thumb/v7e-m/fpv4-sp/hard\libc_nano.a(lib_a-findfp.o)
                0x0000000008008a0c                __sfp
 .text._fwalk_reent
                0x0000000008008a84       0x3c c:/st/stm32cubeide_1.2.0/stm32cubeide/plugins/com.st.stm32cube.ide.mcu.externaltools.gnu-tools-for-stm32.7-2018-q2-update.win32_1.0.0.201904181610/tools/bin/../lib/gcc/arm-none-eabi/7.3.1/../../../../arm-none-eabi/lib/thumb/v7e-m/fpv4-sp/hard\libc_nano.a(lib_a-fwalk.o)
                0x0000000008008a84                _fwalk_reent
 .text.__swhatbuf_r
                0x0000000008008ac0       0x48 c:/st/stm32cubeide_1.2.0/stm32cubeide/plugins/com.st.stm32cube.ide.mcu.externaltools.gnu-tools-for-stm32.7-2018-q2-update.win32_1.0.0.201904181610/tools/bin/../lib/gcc/arm-none-eabi/7.3.1/../../../../arm-none-eabi/lib/thumb/v7e-m/fpv4-sp/hard\libc_nano.a(lib_a-makebuf.o)
                0x0000000008008ac0                __swhatbuf_r
 .text.__smakebuf_r
                0x0000000008008b08       0x80 c:/st/stm32cubeide_1.2.0/stm32cubeide/plugins/com.st.stm32cube.ide.mcu.externaltools.gnu-tools-for-stm32.7-2018-q2-update.win32_1.0.0.201904181610/tools/bin/../lib/gcc/arm-none-eabi/7.3.1/../../../../arm-none-eabi/lib/thumb/v7e-m/fpv4-sp/hard\libc_nano.a(lib_a-makebuf.o)
                0x0000000008008b08                __smakebuf_r
 .text.__malloc_lock
                0x0000000008008b88        0x2 c:/st/stm32cubeide_1.2.0/stm32cubeide/plugins/com.st.stm32cube.ide.mcu.externaltools.gnu-tools-for-stm32.7-2018-q2-update.win32_1.0.0.201904181610/tools/bin/../lib/gcc/arm-none-eabi/7.3.1/../../../../arm-none-eabi/lib/thumb/v7e-m/fpv4-sp/hard\libc_nano.a(lib_a-mlock.o)
                0x0000000008008b88                __malloc_lock
 .text.__malloc_unlock
                0x0000000008008b8a        0x2 c:/st/stm32cubeide_1.2.0/stm32cubeide/plugins/com.st.stm32cube.ide.mcu.externaltools.gnu-tools-for-stm32.7-2018-q2-update.win32_1.0.0.201904181610/tools/bin/../lib/gcc/arm-none-eabi/7.3.1/../../../../arm-none-eabi/lib/thumb/v7e-m/fpv4-sp/hard\libc_nano.a(lib_a-mlock.o)
                0x0000000008008b8a                __malloc_unlock
 .text.__sfputc_r
                0x0000000008008b8c       0x2e c:/st/stm32cubeide_1.2.0/stm32cubeide/plugins/com.st.stm32cube.ide.mcu.externaltools.gnu-tools-for-stm32.7-2018-q2-update.win32_1.0.0.201904181610/tools/bin/../lib/gcc/arm-none-eabi/7.3.1/../../../../arm-none-eabi/lib/thumb/v7e-m/fpv4-sp/hard\libc_nano.a(lib_a-nano-vfprintf.o)
 .text.__sfputs_r
                0x0000000008008bba       0x24 c:/st/stm32cubeide_1.2.0/stm32cubeide/plugins/com.st.stm32cube.ide.mcu.externaltools.gnu-tools-for-stm32.7-2018-q2-update.win32_1.0.0.201904181610/tools/bin/../lib/gcc/arm-none-eabi/7.3.1/../../../../arm-none-eabi/lib/thumb/v7e-m/fpv4-sp/hard\libc_nano.a(lib_a-nano-vfprintf.o)
                0x0000000008008bba                __sfputs_r
 *fill*         0x0000000008008bde        0x2 
 .text._vfprintf_r
                0x0000000008008be0      0x22c c:/st/stm32cubeide_1.2.0/stm32cubeide/plugins/com.st.stm32cube.ide.mcu.externaltools.gnu-tools-for-stm32.7-2018-q2-update.win32_1.0.0.201904181610/tools/bin/../lib/gcc/arm-none-eabi/7.3.1/../../../../arm-none-eabi/lib/thumb/v7e-m/fpv4-sp/hard\libc_nano.a(lib_a-nano-vfprintf.o)
                0x0000000008008be0                _vfprintf_r
                0x0000000008008be0                _vfiprintf_r
 .text._printf_common
                0x0000000008008e0c       0xea c:/st/stm32cubeide_1.2.0/stm32cubeide/plugins/com.st.stm32cube.ide.mcu.externaltools.gnu-tools-for-stm32.7-2018-q2-update.win32_1.0.0.201904181610/tools/bin/../lib/gcc/arm-none-eabi/7.3.1/../../../../arm-none-eabi/lib/thumb/v7e-m/fpv4-sp/hard\libc_nano.a(lib_a-nano-vfprintf_i.o)
                0x0000000008008e0c                _printf_common
 *fill*         0x0000000008008ef6        0x2 
 .text._printf_i
                0x0000000008008ef8      0x224 c:/st/stm32cubeide_1.2.0/stm32cubeide/plugins/com.st.stm32cube.ide.mcu.externaltools.gnu-tools-for-stm32.7-2018-q2-update.win32_1.0.0.201904181610/tools/bin/../lib/gcc/arm-none-eabi/7.3.1/../../../../arm-none-eabi/lib/thumb/v7e-m/fpv4-sp/hard\libc_nano.a(lib_a-nano-vfprintf_i.o)
                0x0000000008008ef8                _printf_i
 .text.__sread  0x000000000800911c       0x22 c:/st/stm32cubeide_1.2.0/stm32cubeide/plugins/com.st.stm32cube.ide.mcu.externaltools.gnu-tools-for-stm32.7-2018-q2-update.win32_1.0.0.201904181610/tools/bin/../lib/gcc/arm-none-eabi/7.3.1/../../../../arm-none-eabi/lib/thumb/v7e-m/fpv4-sp/hard\libc_nano.a(lib_a-stdio.o)
                0x000000000800911c                __sread
 .text.__swrite
                0x000000000800913e       0x38 c:/st/stm32cubeide_1.2.0/stm32cubeide/plugins/com.st.stm32cube.ide.mcu.externaltools.gnu-tools-for-stm32.7-2018-q2-update.win32_1.0.0.201904181610/tools/bin/../lib/gcc/arm-none-eabi/7.3.1/../../../../arm-none-eabi/lib/thumb/v7e-m/fpv4-sp/hard\libc_nano.a(lib_a-stdio.o)
                0x000000000800913e                __swrite
 .text.__sseek  0x0000000008009176       0x24 c:/st/stm32cubeide_1.2.0/stm32cubeide/plugins/com.st.stm32cube.ide.mcu.externaltools.gnu-tools-for-stm32.7-2018-q2-update.win32_1.0.0.201904181610/tools/bin/../lib/gcc/arm-none-eabi/7.3.1/../../../../arm-none-eabi/lib/thumb/v7e-m/fpv4-sp/hard\libc_nano.a(lib_a-stdio.o)
                0x0000000008009176                __sseek
 .text.__sclose
                0x000000000800919a        0x8 c:/st/stm32cubeide_1.2.0/stm32cubeide/plugins/com.st.stm32cube.ide.mcu.externaltools.gnu-tools-for-stm32.7-2018-q2-update.win32_1.0.0.201904181610/tools/bin/../lib/gcc/arm-none-eabi/7.3.1/../../../../arm-none-eabi/lib/thumb/v7e-m/fpv4-sp/hard\libc_nano.a(lib_a-stdio.o)
                0x000000000800919a                __sclose
 *fill*         0x00000000080091a2        0x2 
 .text._write_r
                0x00000000080091a4       0x24 c:/st/stm32cubeide_1.2.0/stm32cubeide/plugins/com.st.stm32cube.ide.mcu.externaltools.gnu-tools-for-stm32.7-2018-q2-update.win32_1.0.0.201904181610/tools/bin/../lib/gcc/arm-none-eabi/7.3.1/../../../../arm-none-eabi/lib/thumb/v7e-m/fpv4-sp/hard\libc_nano.a(lib_a-writer.o)
                0x00000000080091a4                _write_r
 .text._close_r
                0x00000000080091c8       0x20 c:/st/stm32cubeide_1.2.0/stm32cubeide/plugins/com.st.stm32cube.ide.mcu.externaltools.gnu-tools-for-stm32.7-2018-q2-update.win32_1.0.0.201904181610/tools/bin/../lib/gcc/arm-none-eabi/7.3.1/../../../../arm-none-eabi/lib/thumb/v7e-m/fpv4-sp/hard\libc_nano.a(lib_a-closer.o)
                0x00000000080091c8                _close_r
 .text._fstat_r
                0x00000000080091e8       0x24 c:/st/stm32cubeide_1.2.0/stm32cubeide/plugins/com.st.stm32cube.ide.mcu.externaltools.gnu-tools-for-stm32.7-2018-q2-update.win32_1.0.0.201904181610/tools/bin/../lib/gcc/arm-none-eabi/7.3.1/../../../../arm-none-eabi/lib/thumb/v7e-m/fpv4-sp/hard\libc_nano.a(lib_a-fstatr.o)
                0x00000000080091e8                _fstat_r
 .text._isatty_r
                0x000000000800920c       0x20 c:/st/stm32cubeide_1.2.0/stm32cubeide/plugins/com.st.stm32cube.ide.mcu.externaltools.gnu-tools-for-stm32.7-2018-q2-update.win32_1.0.0.201904181610/tools/bin/../lib/gcc/arm-none-eabi/7.3.1/../../../../arm-none-eabi/lib/thumb/v7e-m/fpv4-sp/hard\libc_nano.a(lib_a-isattyr.o)
                0x000000000800920c                _isatty_r
 .text._lseek_r
                0x000000000800922c       0x24 c:/st/stm32cubeide_1.2.0/stm32cubeide/plugins/com.st.stm32cube.ide.mcu.externaltools.gnu-tools-for-stm32.7-2018-q2-update.win32_1.0.0.201904181610/tools/bin/../lib/gcc/arm-none-eabi/7.3.1/../../../../arm-none-eabi/lib/thumb/v7e-m/fpv4-sp/hard\libc_nano.a(lib_a-lseekr.o)
                0x000000000800922c                _lseek_r
 .text._read_r  0x0000000008009250       0x24 c:/st/stm32cubeide_1.2.0/stm32cubeide/plugins/com.st.stm32cube.ide.mcu.externaltools.gnu-tools-for-stm32.7-2018-q2-update.win32_1.0.0.201904181610/tools/bin/../lib/gcc/arm-none-eabi/7.3.1/../../../../arm-none-eabi/lib/thumb/v7e-m/fpv4-sp/hard\libc_nano.a(lib_a-readr.o)
                0x0000000008009250                _read_r
 *(.glue_7)
 .glue_7        0x0000000008009274        0x0 linker stubs
 *(.glue_7t)
 .glue_7t       0x0000000008009274        0x0 linker stubs
 *(.eh_frame)
 .eh_frame      0x0000000008009274        0x0 c:/st/stm32cubeide_1.2.0/stm32cubeide/plugins/com.st.stm32cube.ide.mcu.externaltools.gnu-tools-for-stm32.7-2018-q2-update.win32_1.0.0.201904181610/tools/bin/../lib/gcc/arm-none-eabi/7.3.1/thumb/v7e-m/fpv4-sp/hard/crtbegin.o
 *(.init)
 .init          0x0000000008009274        0x4 c:/st/stm32cubeide_1.2.0/stm32cubeide/plugins/com.st.stm32cube.ide.mcu.externaltools.gnu-tools-for-stm32.7-2018-q2-update.win32_1.0.0.201904181610/tools/bin/../lib/gcc/arm-none-eabi/7.3.1/thumb/v7e-m/fpv4-sp/hard/crti.o
                0x0000000008009274                _init
 .init          0x0000000008009278        0x8 c:/st/stm32cubeide_1.2.0/stm32cubeide/plugins/com.st.stm32cube.ide.mcu.externaltools.gnu-tools-for-stm32.7-2018-q2-update.win32_1.0.0.201904181610/tools/bin/../lib/gcc/arm-none-eabi/7.3.1/thumb/v7e-m/fpv4-sp/hard/crtn.o
 *(.fini)
 .fini          0x0000000008009280        0x4 c:/st/stm32cubeide_1.2.0/stm32cubeide/plugins/com.st.stm32cube.ide.mcu.externaltools.gnu-tools-for-stm32.7-2018-q2-update.win32_1.0.0.201904181610/tools/bin/../lib/gcc/arm-none-eabi/7.3.1/thumb/v7e-m/fpv4-sp/hard/crti.o
                0x0000000008009280                _fini
 .fini          0x0000000008009284        0x8 c:/st/stm32cubeide_1.2.0/stm32cubeide/plugins/com.st.stm32cube.ide.mcu.externaltools.gnu-tools-for-stm32.7-2018-q2-update.win32_1.0.0.201904181610/tools/bin/../lib/gcc/arm-none-eabi/7.3.1/thumb/v7e-m/fpv4-sp/hard/crtn.o
                0x000000000800928c                . = ALIGN (0x4)
                0x000000000800928c                _etext = .

.vfp11_veneer   0x000000000800928c        0x0
 .vfp11_veneer  0x000000000800928c        0x0 linker stubs

.v4_bx          0x000000000800928c        0x0
 .v4_bx         0x000000000800928c        0x0 linker stubs

.iplt           0x000000000800928c        0x0
 .iplt          0x000000000800928c        0x0 c:/st/stm32cubeide_1.2.0/stm32cubeide/plugins/com.st.stm32cube.ide.mcu.externaltools.gnu-tools-for-stm32.7-2018-q2-update.win32_1.0.0.201904181610/tools/bin/../lib/gcc/arm-none-eabi/7.3.1/thumb/v7e-m/fpv4-sp/hard/crtbegin.o

.rodata         0x000000000800928c      0x6ac
                0x000000000800928c                . = ALIGN (0x4)
 *(.rodata)
 .rodata        0x000000000800928c       0xa6 Core/Src/main.o
 *fill*         0x0000000008009332        0x2 
 .rodata        0x0000000008009334        0x4 Middlewares/USB_Host_Library/usbh_cdc.o
 *(.rodata*)
 .rodata.key0   0x0000000008009338      0x110 Core/Src/main.o
                0x0000000008009338                key0
 .rodata.key1   0x0000000008009448      0x110 Core/Src/main.o
                0x0000000008009448                key1
 .rodata.key2   0x0000000008009558      0x110 Core/Src/main.o
                0x0000000008009558                key2
 .rodata.key3   0x0000000008009668      0x110 Core/Src/main.o
                0x0000000008009668                key3
 .rodata.key4   0x0000000008009778      0x110 Core/Src/main.o
                0x0000000008009778                key4
 .rodata.AHBPrescTable
                0x0000000008009888       0x10 Core/Src/system_stm32f4xx.o
                0x0000000008009888                AHBPrescTable
 .rodata.APBPrescTable
                0x0000000008009898        0x8 Core/Src/system_stm32f4xx.o
                0x0000000008009898                APBPrescTable
 .rodata._global_impure_ptr
                0x00000000080098a0        0x4 c:/st/stm32cubeide_1.2.0/stm32cubeide/plugins/com.st.stm32cube.ide.mcu.externaltools.gnu-tools-for-stm32.7-2018-q2-update.win32_1.0.0.201904181610/tools/bin/../lib/gcc/arm-none-eabi/7.3.1/../../../../arm-none-eabi/lib/thumb/v7e-m/fpv4-sp/hard\libc_nano.a(lib_a-impure.o)
                0x00000000080098a0                _global_impure_ptr
 .rodata.__sf_fake_stderr
                0x00000000080098a4       0x20 c:/st/stm32cubeide_1.2.0/stm32cubeide/plugins/com.st.stm32cube.ide.mcu.externaltools.gnu-tools-for-stm32.7-2018-q2-update.win32_1.0.0.201904181610/tools/bin/../lib/gcc/arm-none-eabi/7.3.1/../../../../arm-none-eabi/lib/thumb/v7e-m/fpv4-sp/hard\libc_nano.a(lib_a-findfp.o)
                0x00000000080098a4                __sf_fake_stderr
 .rodata.__sf_fake_stdin
                0x00000000080098c4       0x20 c:/st/stm32cubeide_1.2.0/stm32cubeide/plugins/com.st.stm32cube.ide.mcu.externaltools.gnu-tools-for-stm32.7-2018-q2-update.win32_1.0.0.201904181610/tools/bin/../lib/gcc/arm-none-eabi/7.3.1/../../../../arm-none-eabi/lib/thumb/v7e-m/fpv4-sp/hard\libc_nano.a(lib_a-findfp.o)
                0x00000000080098c4                __sf_fake_stdin
 .rodata.__sf_fake_stdout
                0x00000000080098e4       0x20 c:/st/stm32cubeide_1.2.0/stm32cubeide/plugins/com.st.stm32cube.ide.mcu.externaltools.gnu-tools-for-stm32.7-2018-q2-update.win32_1.0.0.201904181610/tools/bin/../lib/gcc/arm-none-eabi/7.3.1/../../../../arm-none-eabi/lib/thumb/v7e-m/fpv4-sp/hard\libc_nano.a(lib_a-findfp.o)
                0x00000000080098e4                __sf_fake_stdout
 .rodata._vfprintf_r.str1.1
                0x0000000008009904       0x11 c:/st/stm32cubeide_1.2.0/stm32cubeide/plugins/com.st.stm32cube.ide.mcu.externaltools.gnu-tools-for-stm32.7-2018-q2-update.win32_1.0.0.201904181610/tools/bin/../lib/gcc/arm-none-eabi/7.3.1/../../../../arm-none-eabi/lib/thumb/v7e-m/fpv4-sp/hard\libc_nano.a(lib_a-nano-vfprintf.o)
 .rodata._printf_i.str1.1
                0x0000000008009915       0x22 c:/st/stm32cubeide_1.2.0/stm32cubeide/plugins/com.st.stm32cube.ide.mcu.externaltools.gnu-tools-for-stm32.7-2018-q2-update.win32_1.0.0.201904181610/tools/bin/../lib/gcc/arm-none-eabi/7.3.1/../../../../arm-none-eabi/lib/thumb/v7e-m/fpv4-sp/hard\libc_nano.a(lib_a-nano-vfprintf_i.o)
                0x0000000008009938                . = ALIGN (0x4)
 *fill*         0x0000000008009937        0x1 

.ARM.extab      0x0000000008009938        0x0
                0x0000000008009938                . = ALIGN (0x4)
 *(.ARM.extab* .gnu.linkonce.armextab.*)
                0x0000000008009938                . = ALIGN (0x4)

.ARM            0x0000000008009938        0x8
                0x0000000008009938                . = ALIGN (0x4)
                0x0000000008009938                __exidx_start = .
 *(.ARM.exidx*)
 .ARM.exidx     0x0000000008009938        0x8 c:/st/stm32cubeide_1.2.0/stm32cubeide/plugins/com.st.stm32cube.ide.mcu.externaltools.gnu-tools-for-stm32.7-2018-q2-update.win32_1.0.0.201904181610/tools/bin/../lib/gcc/arm-none-eabi/7.3.1/thumb/v7e-m/fpv4-sp/hard\libgcc.a(_udivmoddi4.o)
                0x0000000008009940                __exidx_end = .
                0x0000000008009940                . = ALIGN (0x4)

.rel.dyn        0x0000000008009940        0x0
 .rel.iplt      0x0000000008009940        0x0 c:/st/stm32cubeide_1.2.0/stm32cubeide/plugins/com.st.stm32cube.ide.mcu.externaltools.gnu-tools-for-stm32.7-2018-q2-update.win32_1.0.0.201904181610/tools/bin/../lib/gcc/arm-none-eabi/7.3.1/thumb/v7e-m/fpv4-sp/hard/crtbegin.o

.preinit_array  0x0000000008009940        0x0
                0x0000000008009940                . = ALIGN (0x4)
                0x0000000008009940                PROVIDE (__preinit_array_start = .)
 *(.preinit_array*)
                0x0000000008009940                PROVIDE (__preinit_array_end = .)
                0x0000000008009940                . = ALIGN (0x4)

.init_array     0x0000000008009940        0x4
                0x0000000008009940                . = ALIGN (0x4)
                0x0000000008009940                PROVIDE (__init_array_start = .)
 *(SORT_BY_NAME(.init_array.*))
 *(.init_array*)
 .init_array    0x0000000008009940        0x4 c:/st/stm32cubeide_1.2.0/stm32cubeide/plugins/com.st.stm32cube.ide.mcu.externaltools.gnu-tools-for-stm32.7-2018-q2-update.win32_1.0.0.201904181610/tools/bin/../lib/gcc/arm-none-eabi/7.3.1/thumb/v7e-m/fpv4-sp/hard/crtbegin.o
                0x0000000008009944                PROVIDE (__init_array_end = .)
                0x0000000008009944                . = ALIGN (0x4)

.fini_array     0x0000000008009944        0x4
                0x0000000008009944                . = ALIGN (0x4)
                [!provide]                        PROVIDE (__fini_array_start = .)
 *(SORT_BY_NAME(.fini_array.*))
 *(.fini_array*)
 .fini_array    0x0000000008009944        0x4 c:/st/stm32cubeide_1.2.0/stm32cubeide/plugins/com.st.stm32cube.ide.mcu.externaltools.gnu-tools-for-stm32.7-2018-q2-update.win32_1.0.0.201904181610/tools/bin/../lib/gcc/arm-none-eabi/7.3.1/thumb/v7e-m/fpv4-sp/hard/crtbegin.o
                [!provide]                        PROVIDE (__fini_array_end = .)
                0x0000000008009948                . = ALIGN (0x4)
                0x0000000008009948                _sidata = LOADADDR (.data)

.data           0x0000000020000000       0x90 load address 0x0000000008009948
                0x0000000020000000                . = ALIGN (0x4)
                0x0000000020000000                _sdata = .
 *(.data)
 *(.data*)
 .data.SystemCoreClock
                0x0000000020000000        0x4 Core/Src/system_stm32f4xx.o
                0x0000000020000000                SystemCoreClock
 .data.uwTickPrio
                0x0000000020000004        0x4 Drivers/STM32F4xx_HAL_Driver/stm32f4xx_hal.o
                0x0000000020000004                uwTickPrio
 .data.uwTickFreq
                0x0000000020000008        0x1 Drivers/STM32F4xx_HAL_Driver/stm32f4xx_hal.o
                0x0000000020000008                uwTickFreq
 *fill*         0x0000000020000009        0x3 
 .data.CDC_Class
                0x000000002000000c       0x20 Middlewares/USB_Host_Library/usbh_cdc.o
                0x000000002000000c                CDC_Class
 .data._impure_ptr
                0x000000002000002c        0x4 c:/st/stm32cubeide_1.2.0/stm32cubeide/plugins/com.st.stm32cube.ide.mcu.externaltools.gnu-tools-for-stm32.7-2018-q2-update.win32_1.0.0.201904181610/tools/bin/../lib/gcc/arm-none-eabi/7.3.1/../../../../arm-none-eabi/lib/thumb/v7e-m/fpv4-sp/hard\libc_nano.a(lib_a-impure.o)
                0x000000002000002c                _impure_ptr
 .data.impure_data
                0x0000000020000030       0x60 c:/st/stm32cubeide_1.2.0/stm32cubeide/plugins/com.st.stm32cube.ide.mcu.externaltools.gnu-tools-for-stm32.7-2018-q2-update.win32_1.0.0.201904181610/tools/bin/../lib/gcc/arm-none-eabi/7.3.1/../../../../arm-none-eabi/lib/thumb/v7e-m/fpv4-sp/hard\libc_nano.a(lib_a-impure.o)
                0x0000000020000090                . = ALIGN (0x4)
                0x0000000020000090                _edata = .

.igot.plt       0x0000000020000090        0x0 load address 0x00000000080099d8
 .igot.plt      0x0000000020000090        0x0 c:/st/stm32cubeide_1.2.0/stm32cubeide/plugins/com.st.stm32cube.ide.mcu.externaltools.gnu-tools-for-stm32.7-2018-q2-update.win32_1.0.0.201904181610/tools/bin/../lib/gcc/arm-none-eabi/7.3.1/thumb/v7e-m/fpv4-sp/hard/crtbegin.o
                0x0000000020000090                . = ALIGN (0x4)

.bss            0x0000000020000090      0xaa4 load address 0x00000000080099d8
                0x0000000020000090                _sbss = .
                0x0000000020000090                __bss_start__ = _sbss
 *(.bss)
 .bss           0x0000000020000090       0x1c c:/st/stm32cubeide_1.2.0/stm32cubeide/plugins/com.st.stm32cube.ide.mcu.externaltools.gnu-tools-for-stm32.7-2018-q2-update.win32_1.0.0.201904181610/tools/bin/../lib/gcc/arm-none-eabi/7.3.1/thumb/v7e-m/fpv4-sp/hard/crtbegin.o
 *(.bss*)
 .bss.cv.10754  0x00000000200000ac        0x4 Core/Src/main.o
 .bss.pv.10753  0x00000000200000b0        0x4 Core/Src/main.o
 .bss.heap_end.6424
                0x00000000200000b4        0x4 Core/Src/sysmem.o
 .bss.tmpreg.9056
                0x00000000200000b8        0x4 Drivers/STM32F4xx_HAL_Driver/stm32f4xx_ll_usb.o
 .bss.Appli_state
                0x00000000200000bc        0x1 USB_HOST/App/usb_host.o
                0x00000000200000bc                Appli_state
 *fill*         0x00000000200000bd        0x3 
 .bss.__malloc_free_list
                0x00000000200000c0        0x4 c:/st/stm32cubeide_1.2.0/stm32cubeide/plugins/com.st.stm32cube.ide.mcu.externaltools.gnu-tools-for-stm32.7-2018-q2-update.win32_1.0.0.201904181610/tools/bin/../lib/gcc/arm-none-eabi/7.3.1/../../../../arm-none-eabi/lib/thumb/v7e-m/fpv4-sp/hard\libc_nano.a(lib_a-nano-mallocr.o)
                0x00000000200000c0                __malloc_free_list
 .bss.__malloc_sbrk_start
                0x00000000200000c4        0x4 c:/st/stm32cubeide_1.2.0/stm32cubeide/plugins/com.st.stm32cube.ide.mcu.externaltools.gnu-tools-for-stm32.7-2018-q2-update.win32_1.0.0.201904181610/tools/bin/../lib/gcc/arm-none-eabi/7.3.1/../../../../arm-none-eabi/lib/thumb/v7e-m/fpv4-sp/hard\libc_nano.a(lib_a-nano-mallocr.o)
                0x00000000200000c4                __malloc_sbrk_start
 *(COMMON)
 COMMON         0x00000000200000c8       0x54 Core/Src/i2c.o
                0x00000000200000c8                hi2c1
 COMMON         0x000000002000011c       0x48 Core/Src/i2s.o
                0x000000002000011c                hi2s3
 COMMON         0x0000000020000164      0x260 Core/Src/main.o
                0x0000000020000164                buff
                0x00000000200003bc                buf_read_index
                0x00000000200003c0                buf_index
 COMMON         0x00000000200003c4       0x58 Core/Src/spi.o
                0x00000000200003c4                hspi1
 COMMON         0x000000002000041c       0x40 Core/Src/tim.o
                0x000000002000041c                htim1
 COMMON         0x000000002000045c       0x40 Core/Src/usart.o
                0x000000002000045c                huart2
 COMMON         0x000000002000049c        0x4 Drivers/STM32F4xx_HAL_Driver/stm32f4xx_hal.o
                0x000000002000049c                uwTick
 COMMON         0x00000000200004a0      0x3cc USB_HOST/App/usb_host.o
                0x00000000200004a0                hUsbHostFS
 COMMON         0x000000002000086c      0x2c4 USB_HOST/Target/usbh_conf.o
                0x000000002000086c                hhcd_USB_OTG_FS
 COMMON         0x0000000020000b30        0x4 c:/st/stm32cubeide_1.2.0/stm32cubeide/plugins/com.st.stm32cube.ide.mcu.externaltools.gnu-tools-for-stm32.7-2018-q2-update.win32_1.0.0.201904181610/tools/bin/../lib/gcc/arm-none-eabi/7.3.1/../../../../arm-none-eabi/lib/thumb/v7e-m/fpv4-sp/hard\libc_nano.a(lib_a-reent.o)
                0x0000000020000b30                errno
                0x0000000020000b34                . = ALIGN (0x4)
                0x0000000020000b34                _ebss = .
                0x0000000020000b34                __bss_end__ = _ebss

._user_heap_stack
                0x0000000020000b34      0x604 load address 0x00000000080099d8
                0x0000000020000b38                . = ALIGN (0x8)
 *fill*         0x0000000020000b34        0x4 
                0x0000000020000b38                PROVIDE (end = .)
                [!provide]                        PROVIDE (_end = .)
                0x0000000020000d38                . = (. + _Min_Heap_Size)
 *fill*         0x0000000020000b38      0x200 
                0x0000000020001138                . = (. + _Min_Stack_Size)
 *fill*         0x0000000020000d38      0x400 
                0x0000000020001138                . = ALIGN (0x8)

/DISCARD/
 libc.a(*)
 libm.a(*)
 libgcc.a(*)

.ARM.attributes
                0x0000000000000000       0x30
 *(.ARM.attributes)
 .ARM.attributes
                0x0000000000000000       0x22 c:/st/stm32cubeide_1.2.0/stm32cubeide/plugins/com.st.stm32cube.ide.mcu.externaltools.gnu-tools-for-stm32.7-2018-q2-update.win32_1.0.0.201904181610/tools/bin/../lib/gcc/arm-none-eabi/7.3.1/thumb/v7e-m/fpv4-sp/hard/crti.o
 .ARM.attributes
                0x0000000000000022       0x34 c:/st/stm32cubeide_1.2.0/stm32cubeide/plugins/com.st.stm32cube.ide.mcu.externaltools.gnu-tools-for-stm32.7-2018-q2-update.win32_1.0.0.201904181610/tools/bin/../lib/gcc/arm-none-eabi/7.3.1/thumb/v7e-m/fpv4-sp/hard/crtbegin.o
 .ARM.attributes
                0x0000000000000056       0x39 Core/Src/gpio.o
 .ARM.attributes
                0x000000000000008f       0x39 Core/Src/i2c.o
 .ARM.attributes
                0x00000000000000c8       0x39 Core/Src/i2s.o
 .ARM.attributes
                0x0000000000000101       0x39 Core/Src/main.o
 .ARM.attributes
                0x000000000000013a       0x39 Core/Src/spi.o
 .ARM.attributes
                0x0000000000000173       0x39 Core/Src/stm32f4xx_hal_msp.o
 .ARM.attributes
                0x00000000000001ac       0x39 Core/Src/stm32f4xx_it.o
 .ARM.attributes
                0x00000000000001e5       0x39 Core/Src/syscalls.o
 .ARM.attributes
                0x000000000000021e       0x39 Core/Src/sysmem.o
 .ARM.attributes
                0x0000000000000257       0x39 Core/Src/system_stm32f4xx.o
 .ARM.attributes
                0x0000000000000290       0x39 Core/Src/tim.o
 .ARM.attributes
                0x00000000000002c9       0x39 Core/Src/usart.o
 .ARM.attributes
                0x0000000000000302       0x21 Core/Startup/startup_stm32f407vgtx.o
 .ARM.attributes
                0x0000000000000323       0x39 Drivers/STM32F4xx_HAL_Driver/stm32f4xx_hal.o
 .ARM.attributes
                0x000000000000035c       0x39 Drivers/STM32F4xx_HAL_Driver/stm32f4xx_hal_cortex.o
 .ARM.attributes
                0x0000000000000395       0x39 Drivers/STM32F4xx_HAL_Driver/stm32f4xx_hal_gpio.o
 .ARM.attributes
                0x00000000000003ce       0x39 Drivers/STM32F4xx_HAL_Driver/stm32f4xx_hal_hcd.o
 .ARM.attributes
                0x0000000000000407       0x39 Drivers/STM32F4xx_HAL_Driver/stm32f4xx_hal_i2c.o
 .ARM.attributes
                0x0000000000000440       0x39 Drivers/STM32F4xx_HAL_Driver/stm32f4xx_hal_i2s.o
 .ARM.attributes
                0x0000000000000479       0x39 Drivers/STM32F4xx_HAL_Driver/stm32f4xx_hal_i2s_ex.o
 .ARM.attributes
                0x00000000000004b2       0x39 Drivers/STM32F4xx_HAL_Driver/stm32f4xx_hal_rcc.o
 .ARM.attributes
                0x00000000000004eb       0x39 Drivers/STM32F4xx_HAL_Driver/stm32f4xx_hal_rcc_ex.o
 .ARM.attributes
                0x0000000000000524       0x39 Drivers/STM32F4xx_HAL_Driver/stm32f4xx_hal_spi.o
 .ARM.attributes
                0x000000000000055d       0x39 Drivers/STM32F4xx_HAL_Driver/stm32f4xx_hal_tim.o
 .ARM.attributes
                0x0000000000000596       0x39 Drivers/STM32F4xx_HAL_Driver/stm32f4xx_hal_tim_ex.o
 .ARM.attributes
                0x00000000000005cf       0x39 Drivers/STM32F4xx_HAL_Driver/stm32f4xx_hal_uart.o
 .ARM.attributes
                0x0000000000000608       0x39 Drivers/STM32F4xx_HAL_Driver/stm32f4xx_ll_usb.o
 .ARM.attributes
                0x0000000000000641       0x39 Middlewares/USB_Host_Library/usbh_cdc.o
 .ARM.attributes
                0x000000000000067a       0x39 Middlewares/USB_Host_Library/usbh_core.o
 .ARM.attributes
                0x00000000000006b3       0x39 Middlewares/USB_Host_Library/usbh_ctlreq.o
 .ARM.attributes
                0x00000000000006ec       0x39 Middlewares/USB_Host_Library/usbh_ioreq.o
 .ARM.attributes
                0x0000000000000725       0x39 Middlewares/USB_Host_Library/usbh_pipes.o
 .ARM.attributes
                0x000000000000075e       0x39 USB_HOST/App/usb_host.o
 .ARM.attributes
                0x0000000000000797       0x39 USB_HOST/Target/usbh_conf.o
 .ARM.attributes
                0x00000000000007d0       0x39 USB_HOST/Target/usbh_platform.o
 .ARM.attributes
                0x0000000000000809       0x34 c:/st/stm32cubeide_1.2.0/stm32cubeide/plugins/com.st.stm32cube.ide.mcu.externaltools.gnu-tools-for-stm32.7-2018-q2-update.win32_1.0.0.201904181610/tools/bin/../lib/gcc/arm-none-eabi/7.3.1/../../../../arm-none-eabi/lib/thumb/v7e-m/fpv4-sp/hard\libc_nano.a(lib_a-errno.o)
 .ARM.attributes
                0x000000000000083d       0x34 c:/st/stm32cubeide_1.2.0/stm32cubeide/plugins/com.st.stm32cube.ide.mcu.externaltools.gnu-tools-for-stm32.7-2018-q2-update.win32_1.0.0.201904181610/tools/bin/../lib/gcc/arm-none-eabi/7.3.1/../../../../arm-none-eabi/lib/thumb/v7e-m/fpv4-sp/hard\libc_nano.a(lib_a-impure.o)
 .ARM.attributes
                0x0000000000000871       0x34 c:/st/stm32cubeide_1.2.0/stm32cubeide/plugins/com.st.stm32cube.ide.mcu.externaltools.gnu-tools-for-stm32.7-2018-q2-update.win32_1.0.0.201904181610/tools/bin/../lib/gcc/arm-none-eabi/7.3.1/../../../../arm-none-eabi/lib/thumb/v7e-m/fpv4-sp/hard\libc_nano.a(lib_a-init.o)
 .ARM.attributes
                0x00000000000008a5       0x34 c:/st/stm32cubeide_1.2.0/stm32cubeide/plugins/com.st.stm32cube.ide.mcu.externaltools.gnu-tools-for-stm32.7-2018-q2-update.win32_1.0.0.201904181610/tools/bin/../lib/gcc/arm-none-eabi/7.3.1/../../../../arm-none-eabi/lib/thumb/v7e-m/fpv4-sp/hard\libc_nano.a(lib_a-malloc.o)
 .ARM.attributes
                0x00000000000008d9       0x34 c:/st/stm32cubeide_1.2.0/stm32cubeide/plugins/com.st.stm32cube.ide.mcu.externaltools.gnu-tools-for-stm32.7-2018-q2-update.win32_1.0.0.201904181610/tools/bin/../lib/gcc/arm-none-eabi/7.3.1/../../../../arm-none-eabi/lib/thumb/v7e-m/fpv4-sp/hard\libc_nano.a(lib_a-memset.o)
 .ARM.attributes
                0x000000000000090d       0x34 c:/st/stm32cubeide_1.2.0/stm32cubeide/plugins/com.st.stm32cube.ide.mcu.externaltools.gnu-tools-for-stm32.7-2018-q2-update.win32_1.0.0.201904181610/tools/bin/../lib/gcc/arm-none-eabi/7.3.1/../../../../arm-none-eabi/lib/thumb/v7e-m/fpv4-sp/hard\libc_nano.a(lib_a-nano-freer.o)
 .ARM.attributes
                0x0000000000000941       0x34 c:/st/stm32cubeide_1.2.0/stm32cubeide/plugins/com.st.stm32cube.ide.mcu.externaltools.gnu-tools-for-stm32.7-2018-q2-update.win32_1.0.0.201904181610/tools/bin/../lib/gcc/arm-none-eabi/7.3.1/../../../../arm-none-eabi/lib/thumb/v7e-m/fpv4-sp/hard\libc_nano.a(lib_a-nano-mallocr.o)
 .ARM.attributes
                0x0000000000000975       0x34 c:/st/stm32cubeide_1.2.0/stm32cubeide/plugins/com.st.stm32cube.ide.mcu.externaltools.gnu-tools-for-stm32.7-2018-q2-update.win32_1.0.0.201904181610/tools/bin/../lib/gcc/arm-none-eabi/7.3.1/../../../../arm-none-eabi/lib/thumb/v7e-m/fpv4-sp/hard\libc_nano.a(lib_a-printf.o)
 .ARM.attributes
                0x00000000000009a9       0x34 c:/st/stm32cubeide_1.2.0/stm32cubeide/plugins/com.st.stm32cube.ide.mcu.externaltools.gnu-tools-for-stm32.7-2018-q2-update.win32_1.0.0.201904181610/tools/bin/../lib/gcc/arm-none-eabi/7.3.1/../../../../arm-none-eabi/lib/thumb/v7e-m/fpv4-sp/hard\libc_nano.a(lib_a-puts.o)
 .ARM.attributes
                0x00000000000009dd       0x34 c:/st/stm32cubeide_1.2.0/stm32cubeide/plugins/com.st.stm32cube.ide.mcu.externaltools.gnu-tools-for-stm32.7-2018-q2-update.win32_1.0.0.201904181610/tools/bin/../lib/gcc/arm-none-eabi/7.3.1/../../../../arm-none-eabi/lib/thumb/v7e-m/fpv4-sp/hard\libc_nano.a(lib_a-sbrkr.o)
 .ARM.attributes
                0x0000000000000a11       0x34 c:/st/stm32cubeide_1.2.0/stm32cubeide/plugins/com.st.stm32cube.ide.mcu.externaltools.gnu-tools-for-stm32.7-2018-q2-update.win32_1.0.0.201904181610/tools/bin/../lib/gcc/arm-none-eabi/7.3.1/../../../../arm-none-eabi/lib/thumb/v7e-m/fpv4-sp/hard\libc_nano.a(lib_a-wbuf.o)
 .ARM.attributes
                0x0000000000000a45       0x34 c:/st/stm32cubeide_1.2.0/stm32cubeide/plugins/com.st.stm32cube.ide.mcu.externaltools.gnu-tools-for-stm32.7-2018-q2-update.win32_1.0.0.201904181610/tools/bin/../lib/gcc/arm-none-eabi/7.3.1/../../../../arm-none-eabi/lib/thumb/v7e-m/fpv4-sp/hard\libc_nano.a(lib_a-wsetup.o)
 .ARM.attributes
                0x0000000000000a79       0x34 c:/st/stm32cubeide_1.2.0/stm32cubeide/plugins/com.st.stm32cube.ide.mcu.externaltools.gnu-tools-for-stm32.7-2018-q2-update.win32_1.0.0.201904181610/tools/bin/../lib/gcc/arm-none-eabi/7.3.1/../../../../arm-none-eabi/lib/thumb/v7e-m/fpv4-sp/hard\libc_nano.a(lib_a-fflush.o)
 .ARM.attributes
                0x0000000000000aad       0x34 c:/st/stm32cubeide_1.2.0/stm32cubeide/plugins/com.st.stm32cube.ide.mcu.externaltools.gnu-tools-for-stm32.7-2018-q2-update.win32_1.0.0.201904181610/tools/bin/../lib/gcc/arm-none-eabi/7.3.1/../../../../arm-none-eabi/lib/thumb/v7e-m/fpv4-sp/hard\libc_nano.a(lib_a-findfp.o)
 .ARM.attributes
                0x0000000000000ae1       0x34 c:/st/stm32cubeide_1.2.0/stm32cubeide/plugins/com.st.stm32cube.ide.mcu.externaltools.gnu-tools-for-stm32.7-2018-q2-update.win32_1.0.0.201904181610/tools/bin/../lib/gcc/arm-none-eabi/7.3.1/../../../../arm-none-eabi/lib/thumb/v7e-m/fpv4-sp/hard\libc_nano.a(lib_a-fwalk.o)
 .ARM.attributes
                0x0000000000000b15       0x34 c:/st/stm32cubeide_1.2.0/stm32cubeide/plugins/com.st.stm32cube.ide.mcu.externaltools.gnu-tools-for-stm32.7-2018-q2-update.win32_1.0.0.201904181610/tools/bin/../lib/gcc/arm-none-eabi/7.3.1/../../../../arm-none-eabi/lib/thumb/v7e-m/fpv4-sp/hard\libc_nano.a(lib_a-makebuf.o)
 .ARM.attributes
                0x0000000000000b49       0x34 c:/st/stm32cubeide_1.2.0/stm32cubeide/plugins/com.st.stm32cube.ide.mcu.externaltools.gnu-tools-for-stm32.7-2018-q2-update.win32_1.0.0.201904181610/tools/bin/../lib/gcc/arm-none-eabi/7.3.1/../../../../arm-none-eabi/lib/thumb/v7e-m/fpv4-sp/hard\libc_nano.a(lib_a-mlock.o)
 .ARM.attributes
                0x0000000000000b7d       0x34 c:/st/stm32cubeide_1.2.0/stm32cubeide/plugins/com.st.stm32cube.ide.mcu.externaltools.gnu-tools-for-stm32.7-2018-q2-update.win32_1.0.0.201904181610/tools/bin/../lib/gcc/arm-none-eabi/7.3.1/../../../../arm-none-eabi/lib/thumb/v7e-m/fpv4-sp/hard\libc_nano.a(lib_a-nano-vfprintf.o)
 .ARM.attributes
                0x0000000000000bb1       0x34 c:/st/stm32cubeide_1.2.0/stm32cubeide/plugins/com.st.stm32cube.ide.mcu.externaltools.gnu-tools-for-stm32.7-2018-q2-update.win32_1.0.0.201904181610/tools/bin/../lib/gcc/arm-none-eabi/7.3.1/../../../../arm-none-eabi/lib/thumb/v7e-m/fpv4-sp/hard\libc_nano.a(lib_a-nano-vfprintf_i.o)
 .ARM.attributes
                0x0000000000000be5       0x34 c:/st/stm32cubeide_1.2.0/stm32cubeide/plugins/com.st.stm32cube.ide.mcu.externaltools.gnu-tools-for-stm32.7-2018-q2-update.win32_1.0.0.201904181610/tools/bin/../lib/gcc/arm-none-eabi/7.3.1/../../../../arm-none-eabi/lib/thumb/v7e-m/fpv4-sp/hard\libc_nano.a(lib_a-reent.o)
 .ARM.attributes
                0x0000000000000c19       0x34 c:/st/stm32cubeide_1.2.0/stm32cubeide/plugins/com.st.stm32cube.ide.mcu.externaltools.gnu-tools-for-stm32.7-2018-q2-update.win32_1.0.0.201904181610/tools/bin/../lib/gcc/arm-none-eabi/7.3.1/../../../../arm-none-eabi/lib/thumb/v7e-m/fpv4-sp/hard\libc_nano.a(lib_a-stdio.o)
 .ARM.attributes
                0x0000000000000c4d       0x34 c:/st/stm32cubeide_1.2.0/stm32cubeide/plugins/com.st.stm32cube.ide.mcu.externaltools.gnu-tools-for-stm32.7-2018-q2-update.win32_1.0.0.201904181610/tools/bin/../lib/gcc/arm-none-eabi/7.3.1/../../../../arm-none-eabi/lib/thumb/v7e-m/fpv4-sp/hard\libc_nano.a(lib_a-writer.o)
 .ARM.attributes
                0x0000000000000c81       0x34 c:/st/stm32cubeide_1.2.0/stm32cubeide/plugins/com.st.stm32cube.ide.mcu.externaltools.gnu-tools-for-stm32.7-2018-q2-update.win32_1.0.0.201904181610/tools/bin/../lib/gcc/arm-none-eabi/7.3.1/../../../../arm-none-eabi/lib/thumb/v7e-m/fpv4-sp/hard\libc_nano.a(lib_a-closer.o)
 .ARM.attributes
                0x0000000000000cb5       0x34 c:/st/stm32cubeide_1.2.0/stm32cubeide/plugins/com.st.stm32cube.ide.mcu.externaltools.gnu-tools-for-stm32.7-2018-q2-update.win32_1.0.0.201904181610/tools/bin/../lib/gcc/arm-none-eabi/7.3.1/../../../../arm-none-eabi/lib/thumb/v7e-m/fpv4-sp/hard\libc_nano.a(lib_a-fstatr.o)
 .ARM.attributes
                0x0000000000000ce9       0x34 c:/st/stm32cubeide_1.2.0/stm32cubeide/plugins/com.st.stm32cube.ide.mcu.externaltools.gnu-tools-for-stm32.7-2018-q2-update.win32_1.0.0.201904181610/tools/bin/../lib/gcc/arm-none-eabi/7.3.1/../../../../arm-none-eabi/lib/thumb/v7e-m/fpv4-sp/hard\libc_nano.a(lib_a-isattyr.o)
 .ARM.attributes
                0x0000000000000d1d       0x34 c:/st/stm32cubeide_1.2.0/stm32cubeide/plugins/com.st.stm32cube.ide.mcu.externaltools.gnu-tools-for-stm32.7-2018-q2-update.win32_1.0.0.201904181610/tools/bin/../lib/gcc/arm-none-eabi/7.3.1/../../../../arm-none-eabi/lib/thumb/v7e-m/fpv4-sp/hard\libc_nano.a(lib_a-lseekr.o)
 .ARM.attributes
                0x0000000000000d51       0x20 c:/st/stm32cubeide_1.2.0/stm32cubeide/plugins/com.st.stm32cube.ide.mcu.externaltools.gnu-tools-for-stm32.7-2018-q2-update.win32_1.0.0.201904181610/tools/bin/../lib/gcc/arm-none-eabi/7.3.1/../../../../arm-none-eabi/lib/thumb/v7e-m/fpv4-sp/hard\libc_nano.a(lib_a-memchr.o)
 .ARM.attributes
                0x0000000000000d71       0x34 c:/st/stm32cubeide_1.2.0/stm32cubeide/plugins/com.st.stm32cube.ide.mcu.externaltools.gnu-tools-for-stm32.7-2018-q2-update.win32_1.0.0.201904181610/tools/bin/../lib/gcc/arm-none-eabi/7.3.1/../../../../arm-none-eabi/lib/thumb/v7e-m/fpv4-sp/hard\libc_nano.a(lib_a-readr.o)
 .ARM.attributes
                0x0000000000000da5       0x22 c:/st/stm32cubeide_1.2.0/stm32cubeide/plugins/com.st.stm32cube.ide.mcu.externaltools.gnu-tools-for-stm32.7-2018-q2-update.win32_1.0.0.201904181610/tools/bin/../lib/gcc/arm-none-eabi/7.3.1/thumb/v7e-m/fpv4-sp/hard\libgcc.a(_aeabi_uldivmod.o)
 .ARM.attributes
                0x0000000000000dc7       0x34 c:/st/stm32cubeide_1.2.0/stm32cubeide/plugins/com.st.stm32cube.ide.mcu.externaltools.gnu-tools-for-stm32.7-2018-q2-update.win32_1.0.0.201904181610/tools/bin/../lib/gcc/arm-none-eabi/7.3.1/thumb/v7e-m/fpv4-sp/hard\libgcc.a(_udivmoddi4.o)
 .ARM.attributes
                0x0000000000000dfb       0x22 c:/st/stm32cubeide_1.2.0/stm32cubeide/plugins/com.st.stm32cube.ide.mcu.externaltools.gnu-tools-for-stm32.7-2018-q2-update.win32_1.0.0.201904181610/tools/bin/../lib/gcc/arm-none-eabi/7.3.1/thumb/v7e-m/fpv4-sp/hard\libgcc.a(_dvmd_tls.o)
 .ARM.attributes
                0x0000000000000e1d       0x22 c:/st/stm32cubeide_1.2.0/stm32cubeide/plugins/com.st.stm32cube.ide.mcu.externaltools.gnu-tools-for-stm32.7-2018-q2-update.win32_1.0.0.201904181610/tools/bin/../lib/gcc/arm-none-eabi/7.3.1/thumb/v7e-m/fpv4-sp/hard/crtn.o
OUTPUT(2_stm32f4_IR_remote_decoder.elf elf32-littlearm)

.debug_info     0x0000000000000000    0x21b27
 .debug_info    0x0000000000000000      0x500 Core/Src/gpio.o
 .debug_info    0x0000000000000500      0x9dd Core/Src/i2c.o
 .debug_info    0x0000000000000edd      0x9a8 Core/Src/i2s.o
 .debug_info    0x0000000000001885     0x2060 Core/Src/main.o
 .debug_info    0x00000000000038e5      0x9b7 Core/Src/spi.o
 .debug_info    0x000000000000429c      0x362 Core/Src/stm32f4xx_hal_msp.o
 .debug_info    0x00000000000045fe      0xb6e Core/Src/stm32f4xx_it.o
 .debug_info    0x000000000000516c      0xebd Core/Src/syscalls.o
 .debug_info    0x0000000000006029      0x91c Core/Src/sysmem.o
 .debug_info    0x0000000000006945      0x554 Core/Src/system_stm32f4xx.o
 .debug_info    0x0000000000006e99      0xcc9 Core/Src/tim.o
 .debug_info    0x0000000000007b62      0x94a Core/Src/usart.o
 .debug_info    0x00000000000084ac       0x22 Core/Startup/startup_stm32f407vgtx.o
 .debug_info    0x00000000000084ce      0x945 Drivers/STM32F4xx_HAL_Driver/stm32f4xx_hal.o
 .debug_info    0x0000000000008e13      0xe28 Drivers/STM32F4xx_HAL_Driver/stm32f4xx_hal_cortex.o
 .debug_info    0x0000000000009c3b      0x7b5 Drivers/STM32F4xx_HAL_Driver/stm32f4xx_hal_gpio.o
 .debug_info    0x000000000000a3f0      0xe39 Drivers/STM32F4xx_HAL_Driver/stm32f4xx_hal_hcd.o